
---
events:
  -
    kind: "message-v1"
    backtrace:
      - "C:/Users/Carlos/AppData/Local/vcpkg/downloads/tools/cmake-3.31.10-windows/cmake-3.31.10-windows-x86_64/share/cmake-3.31/Modules/CMakeDetermineSystem.cmake:205 (message)"
      - "CMakeLists.txt:4 (project)"
    message: |
      The system is: Windows - 10.0.26100 - AMD64
  -
    kind: "message-v1"
    backtrace:
      - "C:/Users/Carlos/AppData/Local/vcpkg/downloads/tools/cmake-3.31.10-windows/cmake-3.31.10-windows-x86_64/share/cmake-3.31/Modules/CMakeDetermineCompilerId.cmake:17 (message)"
      - "C:/Users/Carlos/AppData/Local/vcpkg/downloads/tools/cmake-3.31.10-windows/cmake-3.31.10-windows-x86_64/share/cmake-3.31/Modules/CMakeDetermineCompilerId.cmake:64 (__determine_compiler_id_test)"
      - "C:/Users/Carlos/AppData/Local/vcpkg/downloads/tools/cmake-3.31.10-windows/cmake-3.31.10-windows-x86_64/share/cmake-3.31/Modules/CMakeDetermineCCompiler.cmake:123 (CMAKE_DETERMINE_COMPILER_ID)"
      - "CMakeLists.txt:4 (project)"
    message: |
      Compiling the C compiler identification source file "CMakeCCompilerId.c" succeeded.
      Compiler: C:/Program Files/Microsoft Visual Studio/18/Community/VC/Tools/MSVC/14.51.36231/bin/Hostx64/x64/cl.exe 
      Build flags: /nologo;/DWIN32;/D_WINDOWS;/utf-8;/MP
      Id flags:  
      
      The output was:
      0
      CMakeCCompilerId.c
      
      
      Compilation of the C compiler identification source "CMakeCCompilerId.c" produced "CMakeCCompilerId.exe"
      
      Compilation of the C compiler identification source "CMakeCCompilerId.c" produced "CMakeCCompilerId.obj"
      
      The C compiler identification is MSVC, found in:
        C:/Users/Carlos/source/repos/Contabilidad en C/build/vcpkg_installed/vcpkg/blds/zlib/x64-windows-rel/CMakeFiles/3.31.10/CompilerIdC/CMakeCCompilerId.exe
      
  -
    kind: "message-v1"
    backtrace:
      - "C:/Users/Carlos/AppData/Local/vcpkg/downloads/tools/cmake-3.31.10-windows/cmake-3.31.10-windows-x86_64/share/cmake-3.31/Modules/CMakeDetermineCompilerId.cmake:1289 (message)"
      - "C:/Users/Carlos/AppData/Local/vcpkg/downloads/tools/cmake-3.31.10-windows/cmake-3.31.10-windows-x86_64/share/cmake-3.31/Modules/CMakeDetermineCompilerId.cmake:250 (CMAKE_DETERMINE_MSVC_SHOWINCLUDES_PREFIX)"
      - "C:/Users/Carlos/AppData/Local/vcpkg/downloads/tools/cmake-3.31.10-windows/cmake-3.31.10-windows-x86_64/share/cmake-3.31/Modules/CMakeDetermineCCompiler.cmake:123 (CMAKE_DETERMINE_COMPILER_ID)"
      - "CMakeLists.txt:4 (project)"
    message: |
      Detecting C compiler /showIncludes prefix:
        main.c
        Note: including file: C:\\Users\\Carlos\\source\\repos\\Contabilidad en C\\build\\vcpkg_installed\\vcpkg\\blds\\zlib\\x64-windows-rel\\CMakeFiles\\ShowIncludes\\foo.h
        
      Found prefix "Note: including file: "
  -
    kind: "try_compile-v1"
    backtrace:
      - "C:/Users/Carlos/AppData/Local/vcpkg/downloads/tools/cmake-3.31.10-windows/cmake-3.31.10-windows-x86_64/share/cmake-3.31/Modules/CMakeDetermineCompilerABI.cmake:74 (try_compile)"
      - "C:/Users/Carlos/AppData/Local/vcpkg/downloads/tools/cmake-3.31.10-windows/cmake-3.31.10-windows-x86_64/share/cmake-3.31/Modules/CMakeTestCCompiler.cmake:26 (CMAKE_DETERMINE_COMPILER_ABI)"
      - "CMakeLists.txt:4 (project)"
    checks:
      - "Detecting C compiler ABI info"
    directories:
      source: "C:/Users/Carlos/source/repos/Contabilidad en C/build/vcpkg_installed/vcpkg/blds/zlib/x64-windows-rel/CMakeFiles/CMakeScratch/TryCompile-wisbn6"
      binary: "C:/Users/Carlos/source/repos/Contabilidad en C/build/vcpkg_installed/vcpkg/blds/zlib/x64-windows-rel/CMakeFiles/CMakeScratch/TryCompile-wisbn6"
    cmakeVariables:
      CMAKE_C_FLAGS: " /nologo /DWIN32 /D_WINDOWS /utf-8 /MP "
      CMAKE_C_FLAGS_DEBUG: "/MDd /Z7 /Ob0 /Od /RTC1 "
      CMAKE_EXE_LINKER_FLAGS: "/machine:x64"
      CMAKE_MSVC_DEBUG_INFORMATION_FORMAT: ""
      CMAKE_MSVC_RUNTIME_LIBRARY: "MultiThreaded$<$<CONFIG:Debug>:Debug>$<$<STREQUAL:dynamic,dynamic>:DLL>"
      VCPKG_CHAINLOAD_TOOLCHAIN_FILE: "C:/Program Files/Microsoft Visual Studio/18/Community/VC/vcpkg/scripts/toolchains/windows.cmake"
      VCPKG_CRT_LINKAGE: "dynamic"
      VCPKG_CXX_FLAGS: ""
      VCPKG_CXX_FLAGS_DEBUG: ""
      VCPKG_CXX_FLAGS_RELEASE: ""
      VCPKG_C_FLAGS: ""
      VCPKG_C_FLAGS_DEBUG: ""
      VCPKG_C_FLAGS_RELEASE: ""
      VCPKG_INSTALLED_DIR: "C:/Users/Carlos/source/repos/Contabilidad en C/build/vcpkg_installed"
      VCPKG_LINKER_FLAGS: ""
      VCPKG_LINKER_FLAGS_DEBUG: ""
      VCPKG_LINKER_FLAGS_RELEASE: ""
      VCPKG_PLATFORM_TOOLSET: "v145"
      VCPKG_PREFER_SYSTEM_LIBS: "OFF"
      VCPKG_SET_CHARSET_FLAG: "ON"
      VCPKG_TARGET_ARCHITECTURE: "x64"
      VCPKG_TARGET_TRIPLET: "x64-windows"
      Z_VCPKG_ROOT_DIR: "C:/Program Files/Microsoft Visual Studio/18/Community/VC/vcpkg"
    buildResult:
      variable: "CMAKE_C_ABI_COMPILED"
      cached: true
      stdout: |
        Change Dir: 'C:/Users/Carlos/source/repos/Contabilidad en C/build/vcpkg_installed/vcpkg/blds/zlib/x64-windows-rel/CMakeFiles/CMakeScratch/TryCompile-wisbn6'
        
        Run Build Command(s): "C:/Program Files/Microsoft Visual Studio/18/Community/Common7/IDE/CommonExtensions/Microsoft/CMake/Ninja/ninja.exe" -v cmTC_cffca
        [1/2] C:\\PROGRA~1\\MIB055~1\\18\\COMMUN~1\\VC\\Tools\\MSVC\\1451~1.362\\bin\\Hostx64\\x64\\cl.exe  /nologo   /nologo /DWIN32 /D_WINDOWS /utf-8 /MP   /MDd /Z7 /Ob0 /Od /RTC1  -MDd /showIncludes /FoCMakeFiles\\cmTC_cffca.dir\\CMakeCCompilerABI.c.obj /FdCMakeFiles\\cmTC_cffca.dir\\ /FS -c C:\\Users\\Carlos\\AppData\\Local\\vcpkg\\downloads\\tools\\cmake-3.31.10-windows\\cmake-3.31.10-windows-x86_64\\share\\cmake-3.31\\Modules\\CMakeCCompilerABI.c
        [2/2] C:\\WINDOWS\\system32\\cmd.exe /C "cd . && C:\\Users\\Carlos\\AppData\\Local\\vcpkg\\downloads\\tools\\cmake-3.31.10-windows\\cmake-3.31.10-windows-x86_64\\bin\\cmake.exe -E vs_link_exe --msvc-ver=1951 --intdir=CMakeFiles\\cmTC_cffca.dir --rc=C:\\PROGRA~2\\WINDOW~4\\10\\bin\\100261~1.0\\x64\\rc.exe --mt=C:\\PROGRA~2\\WINDOW~4\\10\\bin\\100261~1.0\\x64\\mt.exe --manifests  -- C:\\PROGRA~1\\MIB055~1\\18\\COMMUN~1\\VC\\Tools\\MSVC\\1451~1.362\\bin\\Hostx64\\x64\\link.exe /nologo CMakeFiles\\cmTC_cffca.dir\\CMakeCCompilerABI.c.obj  /out:cmTC_cffca.exe /implib:cmTC_cffca.lib /pdb:cmTC_cffca.pdb /version:0.0 /machine:x64  /nologo    /debug /INCREMENTAL /subsystem:console  kernel32.lib user32.lib gdi32.lib winspool.lib shell32.lib ole32.lib oleaut32.lib uuid.lib comdlg32.lib advapi32.lib && cd ."
        
      exitCode: 0
  -
    kind: "message-v1"
    backtrace:
      - "C:/Users/Carlos/AppData/Local/vcpkg/downloads/tools/cmake-3.31.10-windows/cmake-3.31.10-windows-x86_64/share/cmake-3.31/Modules/CMakeDetermineCompilerABI.cmake:218 (message)"
      - "C:/Users/Carlos/AppData/Local/vcpkg/downloads/tools/cmake-3.31.10-windows/cmake-3.31.10-windows-x86_64/share/cmake-3.31/Modules/CMakeTestCCompiler.cmake:26 (CMAKE_DETERMINE_COMPILER_ABI)"
      - "CMakeLists.txt:4 (project)"
    message: |
      Parsed C implicit link information:
        link line regex: [^( *|.*[/\\])(ld[0-9]*(\\.[a-z]+)?|link\\.exe|lld-link(\\.exe)?|CMAKE_LINK_STARTFILE-NOTFOUND|([^/\\]+-)?ld|collect2)[^/\\]*( |$)]
        linker tool regex: [^[ 	]*(->|")?[ 	]*(([^"]*[/\\])?(ld[0-9]*(\\.[a-z]+)?|link\\.exe|lld-link(\\.exe)?))("|,| |$)]
        linker tool for 'C': C:/PROGRA~1/MIB055~1/18/COMMUN~1/VC/Tools/MSVC/1451~1.362/bin/Hostx64/x64/link.exe
        implicit libs: []
        implicit objs: []
        implicit dirs: []
        implicit fwks: []
      
      
  -
    kind: "message-v1"
    backtrace:
      - "C:/Users/Carlos/AppData/Local/vcpkg/downloads/tools/cmake-3.31.10-windows/cmake-3.31.10-windows-x86_64/share/cmake-3.31/Modules/Internal/CMakeDetermineLinkerId.cmake:40 (message)"
      - "C:/Users/Carlos/AppData/Local/vcpkg/downloads/tools/cmake-3.31.10-windows/cmake-3.31.10-windows-x86_64/share/cmake-3.31/Modules/CMakeDetermineCompilerABI.cmake:255 (cmake_determine_linker_id)"
      - "C:/Users/Carlos/AppData/Local/vcpkg/downloads/tools/cmake-3.31.10-windows/cmake-3.31.10-windows-x86_64/share/cmake-3.31/Modules/CMakeTestCCompiler.cmake:26 (CMAKE_DETERMINE_COMPILER_ABI)"
      - "CMakeLists.txt:4 (project)"
    message: |
      Running the C compiler's linker: "C:/PROGRA~1/MIB055~1/18/COMMUN~1/VC/Tools/MSVC/1451~1.362/bin/Hostx64/x64/link.exe" "-v"
      Microsoft (R) Incremental Linker Version 14.51.36246.0
      Copyright (C) Microsoft Corporation.  All rights reserved.
  -
    kind: "try_compile-v1"
    backtrace:
      - "C:/Users/Carlos/AppData/Local/vcpkg/downloads/tools/cmake-3.31.10-windows/cmake-3.31.10-windows-x86_64/share/cmake-3.31/Modules/CheckIncludeFile.cmake:99 (try_compile)"
      - "CMakeLists.txt:22 (check_include_file)"
    checks:
      - "Looking for sys/types.h"
    directories:
      source: "C:/Users/Carlos/source/repos/Contabilidad en C/build/vcpkg_installed/vcpkg/blds/zlib/x64-windows-rel/CMakeFiles/CMakeScratch/TryCompile-kwmab2"
      binary: "C:/Users/Carlos/source/repos/Contabilidad en C/build/vcpkg_installed/vcpkg/blds/zlib/x64-windows-rel/CMakeFiles/CMakeScratch/TryCompile-kwmab2"
    cmakeVariables:
      CMAKE_C_FLAGS: " /nologo /DWIN32 /D_WINDOWS /utf-8 /MP "
      CMAKE_C_FLAGS_DEBUG: "/MDd /Z7 /Ob0 /Od /RTC1 "
      CMAKE_EXE_LINKER_FLAGS: "/machine:x64"
      CMAKE_MSVC_DEBUG_INFORMATION_FORMAT: ""
      CMAKE_MSVC_RUNTIME_LIBRARY: "MultiThreaded$<$<CONFIG:Debug>:Debug>$<$<STREQUAL:dynamic,dynamic>:DLL>"
      VCPKG_CHAINLOAD_TOOLCHAIN_FILE: "C:/Program Files/Microsoft Visual Studio/18/Community/VC/vcpkg/scripts/toolchains/windows.cmake"
      VCPKG_CRT_LINKAGE: "dynamic"
      VCPKG_CXX_FLAGS: ""
      VCPKG_CXX_FLAGS_DEBUG: ""
      VCPKG_CXX_FLAGS_RELEASE: ""
      VCPKG_C_FLAGS: ""
      VCPKG_C_FLAGS_DEBUG: ""
      VCPKG_C_FLAGS_RELEASE: ""
      VCPKG_INSTALLED_DIR: "C:/Users/Carlos/source/repos/Contabilidad en C/build/vcpkg_installed"
      VCPKG_LINKER_FLAGS: ""
      VCPKG_LINKER_FLAGS_DEBUG: ""
      VCPKG_LINKER_FLAGS_RELEASE: ""
      VCPKG_PLATFORM_TOOLSET: "v145"
      VCPKG_PREFER_SYSTEM_LIBS: "OFF"
      VCPKG_SET_CHARSET_FLAG: "ON"
      VCPKG_TARGET_ARCHITECTURE: "x64"
      VCPKG_TARGET_TRIPLET: "x64-windows"
      Z_VCPKG_ROOT_DIR: "C:/Program Files/Microsoft Visual Studio/18/Community/VC/vcpkg"
    buildResult:
      variable: "HAVE_SYS_TYPES_H"
      cached: true
      stdout: |
        Change Dir: 'C:/Users/Carlos/source/repos/Contabilidad en C/build/vcpkg_installed/vcpkg/blds/zlib/x64-windows-rel/CMakeFiles/CMakeScratch/TryCompile-kwmab2'
        
        Run Build Command(s): "C:/Program Files/Microsoft Visual Studio/18/Community/Common7/IDE/CommonExtensions/Microsoft/CMake/Ninja/ninja.exe" -v cmTC_a05e5
        [1/2] C:\\PROGRA~1\\MIB055~1\\18\\COMMUN~1\\VC\\Tools\\MSVC\\1451~1.362\\bin\\Hostx64\\x64\\cl.exe  /nologo   /nologo /DWIN32 /D_WINDOWS /utf-8 /MP   /MDd /Z7 /Ob0 /Od /RTC1  -MDd /showIncludes /FoCMakeFiles\\cmTC_a05e5.dir\\CheckIncludeFile.c.obj /FdCMakeFiles\\cmTC_a05e5.dir\\ /FS -c "C:\\Users\\Carlos\\source\\repos\\Contabilidad en C\\build\\vcpkg_installed\\vcpkg\\blds\\zlib\\x64-windows-rel\\CMakeFiles\\CMakeScratch\\TryCompile-kwmab2\\CheckIncludeFile.c"
        [2/2] C:\\WINDOWS\\system32\\cmd.exe /C "cd . && C:\\Users\\Carlos\\AppData\\Local\\vcpkg\\downloads\\tools\\cmake-3.31.10-windows\\cmake-3.31.10-windows-x86_64\\bin\\cmake.exe -E vs_link_exe --msvc-ver=1951 --intdir=CMakeFiles\\cmTC_a05e5.dir --rc=C:\\PROGRA~2\\WINDOW~4\\10\\bin\\100261~1.0\\x64\\rc.exe --mt=C:\\PROGRA~2\\WINDOW~4\\10\\bin\\100261~1.0\\x64\\mt.exe --manifests  -- C:\\PROGRA~1\\MIB055~1\\18\\COMMUN~1\\VC\\Tools\\MSVC\\1451~1.362\\bin\\Hostx64\\x64\\link.exe /nologo CMakeFiles\\cmTC_a05e5.dir\\CheckIncludeFile.c.obj  /out:cmTC_a05e5.exe /implib:cmTC_a05e5.lib /pdb:cmTC_a05e5.pdb /version:0.0 /machine:x64  /nologo    /debug /INCREMENTAL /subsystem:console  kernel32.lib user32.lib gdi32.lib winspool.lib shell32.lib ole32.lib oleaut32.lib uuid.lib comdlg32.lib advapi32.lib && cd ."
        
      exitCode: 0
  -
    kind: "try_compile-v1"
    backtrace:
      - "C:/Users/Carlos/AppData/Local/vcpkg/downloads/tools/cmake-3.31.10-windows/cmake-3.31.10-windows-x86_64/share/cmake-3.31/Modules/CheckIncludeFile.cmake:99 (try_compile)"
      - "CMakeLists.txt:23 (check_include_file)"
    checks:
      - "Looking for stdint.h"
    directories:
      source: "C:/Users/Carlos/source/repos/Contabilidad en C/build/vcpkg_installed/vcpkg/blds/zlib/x64-windows-rel/CMakeFiles/CMakeScratch/TryCompile-oi11h9"
      binary: "C:/Users/Carlos/source/repos/Contabilidad en C/build/vcpkg_installed/vcpkg/blds/zlib/x64-windows-rel/CMakeFiles/CMakeScratch/TryCompile-oi11h9"
    cmakeVariables:
      CMAKE_C_FLAGS: " /nologo /DWIN32 /D_WINDOWS /utf-8 /MP "
      CMAKE_C_FLAGS_DEBUG: "/MDd /Z7 /Ob0 /Od /RTC1 "
      CMAKE_EXE_LINKER_FLAGS: "/machine:x64"
      CMAKE_MSVC_DEBUG_INFORMATION_FORMAT: ""
      CMAKE_MSVC_RUNTIME_LIBRARY: "MultiThreaded$<$<CONFIG:Debug>:Debug>$<$<STREQUAL:dynamic,dynamic>:DLL>"
      VCPKG_CHAINLOAD_TOOLCHAIN_FILE: "C:/Program Files/Microsoft Visual Studio/18/Community/VC/vcpkg/scripts/toolchains/windows.cmake"
      VCPKG_CRT_LINKAGE: "dynamic"
      VCPKG_CXX_FLAGS: ""
      VCPKG_CXX_FLAGS_DEBUG: ""
      VCPKG_CXX_FLAGS_RELEASE: ""
      VCPKG_C_FLAGS: ""
      VCPKG_C_FLAGS_DEBUG: ""
      VCPKG_C_FLAGS_RELEASE: ""
      VCPKG_INSTALLED_DIR: "C:/Users/Carlos/source/repos/Contabilidad en C/build/vcpkg_installed"
      VCPKG_LINKER_FLAGS: ""
      VCPKG_LINKER_FLAGS_DEBUG: ""
      VCPKG_LINKER_FLAGS_RELEASE: ""
      VCPKG_PLATFORM_TOOLSET: "v145"
      VCPKG_PREFER_SYSTEM_LIBS: "OFF"
      VCPKG_SET_CHARSET_FLAG: "ON"
      VCPKG_TARGET_ARCHITECTURE: "x64"
      VCPKG_TARGET_TRIPLET: "x64-windows"
      Z_VCPKG_ROOT_DIR: "C:/Program Files/Microsoft Visual Studio/18/Community/VC/vcpkg"
    buildResult:
      variable: "HAVE_STDINT_H"
      cached: true
      stdout: |
        Change Dir: 'C:/Users/Carlos/source/repos/Contabilidad en C/build/vcpkg_installed/vcpkg/blds/zlib/x64-windows-rel/CMakeFiles/CMakeScratch/TryCompile-oi11h9'
        
        Run Build Command(s): "C:/Program Files/Microsoft Visual Studio/18/Community/Common7/IDE/CommonExtensions/Microsoft/CMake/Ninja/ninja.exe" -v cmTC_a4fe4
        [1/2] C:\\PROGRA~1\\MIB055~1\\18\\COMMUN~1\\VC\\Tools\\MSVC\\1451~1.362\\bin\\Hostx64\\x64\\cl.exe  /nologo   /nologo /DWIN32 /D_WINDOWS /utf-8 /MP   /MDd /Z7 /Ob0 /Od /RTC1  -MDd /showIncludes /FoCMakeFiles\\cmTC_a4fe4.dir\\CheckIncludeFile.c.obj /FdCMakeFiles\\cmTC_a4fe4.dir\\ /FS -c "C:\\Users\\Carlos\\source\\repos\\Contabilidad en C\\build\\vcpkg_installed\\vcpkg\\blds\\zlib\\x64-windows-rel\\CMakeFiles\\CMakeScratch\\TryCompile-oi11h9\\CheckIncludeFile.c"
        [2/2] C:\\WINDOWS\\system32\\cmd.exe /C "cd . && C:\\Users\\Carlos\\AppData\\Local\\vcpkg\\downloads\\tools\\cmake-3.31.10-windows\\cmake-3.31.10-windows-x86_64\\bin\\cmake.exe -E vs_link_exe --msvc-ver=1951 --intdir=CMakeFiles\\cmTC_a4fe4.dir --rc=C:\\PROGRA~2\\WINDOW~4\\10\\bin\\100261~1.0\\x64\\rc.exe --mt=C:\\PROGRA~2\\WINDOW~4\\10\\bin\\100261~1.0\\x64\\mt.exe --manifests  -- C:\\PROGRA~1\\MIB055~1\\18\\COMMUN~1\\VC\\Tools\\MSVC\\1451~1.362\\bin\\Hostx64\\x64\\link.exe /nologo CMakeFiles\\cmTC_a4fe4.dir\\CheckIncludeFile.c.obj  /out:cmTC_a4fe4.exe /implib:cmTC_a4fe4.lib /pdb:cmTC_a4fe4.pdb /version:0.0 /machine:x64  /nologo    /debug /INCREMENTAL /subsystem:console  kernel32.lib user32.lib gdi32.lib winspool.lib shell32.lib ole32.lib oleaut32.lib uuid.lib comdlg32.lib advapi32.lib && cd ."
        
      exitCode: 0
  -
    kind: "try_compile-v1"
    backtrace:
      - "C:/Users/Carlos/AppData/Local/vcpkg/downloads/tools/cmake-3.31.10-windows/cmake-3.31.10-windows-x86_64/share/cmake-3.31/Modules/CheckIncludeFile.cmake:99 (try_compile)"
      - "CMakeLists.txt:24 (check_include_file)"
    checks:
      - "Looking for stddef.h"
    directories:
      source: "C:/Users/Carlos/source/repos/Contabilidad en C/build/vcpkg_installed/vcpkg/blds/zlib/x64-windows-rel/CMakeFiles/CMakeScratch/TryCompile-ygihfa"
      binary: "C:/Users/Carlos/source/repos/Contabilidad en C/build/vcpkg_installed/vcpkg/blds/zlib/x64-windows-rel/CMakeFiles/CMakeScratch/TryCompile-ygihfa"
    cmakeVariables:
      CMAKE_C_FLAGS: " /nologo /DWIN32 /D_WINDOWS /utf-8 /MP "
      CMAKE_C_FLAGS_DEBUG: "/MDd /Z7 /Ob0 /Od /RTC1 "
      CMAKE_EXE_LINKER_FLAGS: "/machine:x64"
      CMAKE_MSVC_DEBUG_INFORMATION_FORMAT: ""
      CMAKE_MSVC_RUNTIME_LIBRARY: "MultiThreaded$<$<CONFIG:Debug>:Debug>$<$<STREQUAL:dynamic,dynamic>:DLL>"
      VCPKG_CHAINLOAD_TOOLCHAIN_FILE: "C:/Program Files/Microsoft Visual Studio/18/Community/VC/vcpkg/scripts/toolchains/windows.cmake"
      VCPKG_CRT_LINKAGE: "dynamic"
      VCPKG_CXX_FLAGS: ""
      VCPKG_CXX_FLAGS_DEBUG: ""
      VCPKG_CXX_FLAGS_RELEASE: ""
      VCPKG_C_FLAGS: ""
      VCPKG_C_FLAGS_DEBUG: ""
      VCPKG_C_FLAGS_RELEASE: ""
      VCPKG_INSTALLED_DIR: "C:/Users/Carlos/source/repos/Contabilidad en C/build/vcpkg_installed"
      VCPKG_LINKER_FLAGS: ""
      VCPKG_LINKER_FLAGS_DEBUG: ""
      VCPKG_LINKER_FLAGS_RELEASE: ""
      VCPKG_PLATFORM_TOOLSET: "v145"
      VCPKG_PREFER_SYSTEM_LIBS: "OFF"
      VCPKG_SET_CHARSET_FLAG: "ON"
      VCPKG_TARGET_ARCHITECTURE: "x64"
      VCPKG_TARGET_TRIPLET: "x64-windows"
      Z_VCPKG_ROOT_DIR: "C:/Program Files/Microsoft Visual Studio/18/Community/VC/vcpkg"
    buildResult:
      variable: "HAVE_STDDEF_H"
      cached: true
      stdout: |
        Change Dir: 'C:/Users/Carlos/source/repos/Contabilidad en C/build/vcpkg_installed/vcpkg/blds/zlib/x64-windows-rel/CMakeFiles/CMakeScratch/TryCompile-ygihfa'
        
        Run Build Command(s): "C:/Program Files/Microsoft Visual Studio/18/Community/Common7/IDE/CommonExtensions/Microsoft/CMake/Ninja/ninja.exe" -v cmTC_347ec
        [1/2] C:\\PROGRA~1\\MIB055~1\\18\\COMMUN~1\\VC\\Tools\\MSVC\\1451~1.362\\bin\\Hostx64\\x64\\cl.exe  /nologo   /nologo /DWIN32 /D_WINDOWS /utf-8 /MP   /MDd /Z7 /Ob0 /Od /RTC1  -MDd /showIncludes /FoCMakeFiles\\cmTC_347ec.dir\\CheckIncludeFile.c.obj /FdCMakeFiles\\cmTC_347ec.dir\\ /FS -c "C:\\Users\\Carlos\\source\\repos\\Contabilidad en C\\build\\vcpkg_installed\\vcpkg\\blds\\zlib\\x64-windows-rel\\CMakeFiles\\CMakeScratch\\TryCompile-ygihfa\\CheckIncludeFile.c"
        [2/2] C:\\WINDOWS\\system32\\cmd.exe /C "cd . && C:\\Users\\Carlos\\AppData\\Local\\vcpkg\\downloads\\tools\\cmake-3.31.10-windows\\cmake-3.31.10-windows-x86_64\\bin\\cmake.exe -E vs_link_exe --msvc-ver=1951 --intdir=CMakeFiles\\cmTC_347ec.dir --rc=C:\\PROGRA~2\\WINDOW~4\\10\\bin\\100261~1.0\\x64\\rc.exe --mt=C:\\PROGRA~2\\WINDOW~4\\10\\bin\\100261~1.0\\x64\\mt.exe --manifests  -- C:\\PROGRA~1\\MIB055~1\\18\\COMMUN~1\\VC\\Tools\\MSVC\\1451~1.362\\bin\\Hostx64\\x64\\link.exe /nologo CMakeFiles\\cmTC_347ec.dir\\CheckIncludeFile.c.obj  /out:cmTC_347ec.exe /implib:cmTC_347ec.lib /pdb:cmTC_347ec.pdb /version:0.0 /machine:x64  /nologo    /debug /INCREMENTAL /subsystem:console  kernel32.lib user32.lib gdi32.lib winspool.lib shell32.lib ole32.lib oleaut32.lib uuid.lib comdlg32.lib advapi32.lib && cd ."
        
      exitCode: 0
  -
    kind: "try_compile-v1"
    backtrace:
      - "C:/Users/Carlos/AppData/Local/vcpkg/downloads/tools/cmake-3.31.10-windows/cmake-3.31.10-windows-x86_64/share/cmake-3.31/Modules/CheckTypeSize.cmake:156 (try_compile)"
      - "C:/Users/Carlos/AppData/Local/vcpkg/downloads/tools/cmake-3.31.10-windows/cmake-3.31.10-windows-x86_64/share/cmake-3.31/Modules/CheckTypeSize.cmake:283 (__check_type_size_impl)"
      - "CMakeLists.txt:42 (check_type_size)"
    checks:
      - "Check size of off64_t"
    directories:
      source: "C:/Users/Carlos/source/repos/Contabilidad en C/build/vcpkg_installed/vcpkg/blds/zlib/x64-windows-rel/CMakeFiles/CMakeScratch/TryCompile-ci5iv8"
      binary: "C:/Users/Carlos/source/repos/Contabilidad en C/build/vcpkg_installed/vcpkg/blds/zlib/x64-windows-rel/CMakeFiles/CMakeScratch/TryCompile-ci5iv8"
    cmakeVariables:
      CMAKE_C_FLAGS: " /nologo /DWIN32 /D_WINDOWS /utf-8 /MP "
      CMAKE_C_FLAGS_DEBUG: "/MDd /Z7 /Ob0 /Od /RTC1 "
      CMAKE_EXE_LINKER_FLAGS: "/machine:x64"
      CMAKE_MSVC_DEBUG_INFORMATION_FORMAT: ""
      CMAKE_MSVC_RUNTIME_LIBRARY: "MultiThreaded$<$<CONFIG:Debug>:Debug>$<$<STREQUAL:dynamic,dynamic>:DLL>"
      VCPKG_CHAINLOAD_TOOLCHAIN_FILE: "C:/Program Files/Microsoft Visual Studio/18/Community/VC/vcpkg/scripts/toolchains/windows.cmake"
      VCPKG_CRT_LINKAGE: "dynamic"
      VCPKG_CXX_FLAGS: ""
      VCPKG_CXX_FLAGS_DEBUG: ""
      VCPKG_CXX_FLAGS_RELEASE: ""
      VCPKG_C_FLAGS: ""
      VCPKG_C_FLAGS_DEBUG: ""
      VCPKG_C_FLAGS_RELEASE: ""
      VCPKG_INSTALLED_DIR: "C:/Users/Carlos/source/repos/Contabilidad en C/build/vcpkg_installed"
      VCPKG_LINKER_FLAGS: ""
      VCPKG_LINKER_FLAGS_DEBUG: ""
      VCPKG_LINKER_FLAGS_RELEASE: ""
      VCPKG_PLATFORM_TOOLSET: "v145"
      VCPKG_PREFER_SYSTEM_LIBS: "OFF"
      VCPKG_SET_CHARSET_FLAG: "ON"
      VCPKG_TARGET_ARCHITECTURE: "x64"
      VCPKG_TARGET_TRIPLET: "x64-windows"
      Z_VCPKG_ROOT_DIR: "C:/Program Files/Microsoft Visual Studio/18/Community/VC/vcpkg"
    buildResult:
      variable: "HAVE_OFF64_T"
      cached: true
      stdout: |
        Change Dir: 'C:/Users/Carlos/source/repos/Contabilidad en C/build/vcpkg_installed/vcpkg/blds/zlib/x64-windows-rel/CMakeFiles/CMakeScratch/TryCompile-ci5iv8'
        
        Run Build Command(s): "C:/Program Files/Microsoft Visual Studio/18/Community/Common7/IDE/CommonExtensions/Microsoft/CMake/Ninja/ninja.exe" -v cmTC_9909f
        [1/2] C:\\PROGRA~1\\MIB055~1\\18\\COMMUN~1\\VC\\Tools\\MSVC\\1451~1.362\\bin\\Hostx64\\x64\\cl.exe  /nologo -DHAVE_STDDEF_H -DHAVE_STDINT_H -DHAVE_SYS_TYPES_H -D_LARGEFILE64_SOURCE=1  /nologo /DWIN32 /D_WINDOWS /utf-8 /MP   /MDd /Z7 /Ob0 /Od /RTC1  -MDd /showIncludes /FoCMakeFiles\\cmTC_9909f.dir\\OFF64_T.c.obj /FdCMakeFiles\\cmTC_9909f.dir\\ /FS -c "C:\\Users\\Carlos\\source\\repos\\Contabilidad en C\\build\\vcpkg_installed\\vcpkg\\blds\\zlib\\x64-windows-rel\\CMakeFiles\\CMakeScratch\\TryCompile-ci5iv8\\OFF64_T.c"
        FAILED: [code=2] CMakeFiles/cmTC_9909f.dir/OFF64_T.c.obj 
        C:\\PROGRA~1\\MIB055~1\\18\\COMMUN~1\\VC\\Tools\\MSVC\\1451~1.362\\bin\\Hostx64\\x64\\cl.exe  /nologo -DHAVE_STDDEF_H -DHAVE_STDINT_H -DHAVE_SYS_TYPES_H -D_LARGEFILE64_SOURCE=1  /nologo /DWIN32 /D_WINDOWS /utf-8 /MP   /MDd /Z7 /Ob0 /Od /RTC1  -MDd /showIncludes /FoCMakeFiles\\cmTC_9909f.dir\\OFF64_T.c.obj /FdCMakeFiles\\cmTC_9909f.dir\\ /FS -c "C:\\Users\\Carlos\\source\\repos\\Contabilidad en C\\build\\vcpkg_installed\\vcpkg\\blds\\zlib\\x64-windows-rel\\CMakeFiles\\CMakeScratch\\TryCompile-ci5iv8\\OFF64_T.c"
        C:\\Users\\Carlos\\source\\repos\\Contabilidad en C\\build\\vcpkg_installed\\vcpkg\\blds\\zlib\\x64-windows-rel\\CMakeFiles\\CMakeScratch\\TryCompile-ci5iv8\\OFF64_T.c(29): error C2065: 'off64_t': undeclared identifier
        C:\\Users\\Carlos\\source\\repos\\Contabilidad en C\\build\\vcpkg_installed\\vcpkg\\blds\\zlib\\x64-windows-rel\\CMakeFiles\\CMakeScratch\\TryCompile-ci5iv8\\OFF64_T.c(30): error C2065: 'off64_t': undeclared identifier
        C:\\Users\\Carlos\\source\\repos\\Contabilidad en C\\build\\vcpkg_installed\\vcpkg\\blds\\zlib\\x64-windows-rel\\CMakeFiles\\CMakeScratch\\TryCompile-ci5iv8\\OFF64_T.c(31): error C2065: 'off64_t': undeclared identifier
        C:\\Users\\Carlos\\source\\repos\\Contabilidad en C\\build\\vcpkg_installed\\vcpkg\\blds\\zlib\\x64-windows-rel\\CMakeFiles\\CMakeScratch\\TryCompile-ci5iv8\\OFF64_T.c(32): error C2065: 'off64_t': undeclared identifier
        C:\\Users\\Carlos\\source\\repos\\Contabilidad en C\\build\\vcpkg_installed\\vcpkg\\blds\\zlib\\x64-windows-rel\\CMakeFiles\\CMakeScratch\\TryCompile-ci5iv8\\OFF64_T.c(33): error C2065: 'off64_t': undeclared identifier
        ninja: build stopped: subcommand failed.
        
      exitCode: 2
  -
    kind: "try_compile-v1"
    backtrace:
      - "C:/Users/Carlos/AppData/Local/vcpkg/downloads/tools/cmake-3.31.10-windows/cmake-3.31.10-windows-x86_64/share/cmake-3.31/Modules/CheckFunctionExists.cmake:93 (try_compile)"
      - "CMakeLists.txt:51 (check_function_exists)"
    checks:
      - "Looking for fseeko"
    directories:
      source: "C:/Users/Carlos/source/repos/Contabilidad en C/build/vcpkg_installed/vcpkg/blds/zlib/x64-windows-rel/CMakeFiles/CMakeScratch/TryCompile-yntauk"
      binary: "C:/Users/Carlos/source/repos/Contabilidad en C/build/vcpkg_installed/vcpkg/blds/zlib/x64-windows-rel/CMakeFiles/CMakeScratch/TryCompile-yntauk"
    cmakeVariables:
      CMAKE_C_FLAGS: " /nologo /DWIN32 /D_WINDOWS /utf-8 /MP "
      CMAKE_C_FLAGS_DEBUG: "/MDd /Z7 /Ob0 /Od /RTC1 "
      CMAKE_EXE_LINKER_FLAGS: "/machine:x64"
      CMAKE_MSVC_DEBUG_INFORMATION_FORMAT: ""
      CMAKE_MSVC_RUNTIME_LIBRARY: "MultiThreaded$<$<CONFIG:Debug>:Debug>$<$<STREQUAL:dynamic,dynamic>:DLL>"
      VCPKG_CHAINLOAD_TOOLCHAIN_FILE: "C:/Program Files/Microsoft Visual Studio/18/Community/VC/vcpkg/scripts/toolchains/windows.cmake"
      VCPKG_CRT_LINKAGE: "dynamic"
      VCPKG_CXX_FLAGS: ""
      VCPKG_CXX_FLAGS_DEBUG: ""
      VCPKG_CXX_FLAGS_RELEASE: ""
      VCPKG_C_FLAGS: ""
      VCPKG_C_FLAGS_DEBUG: ""
      VCPKG_C_FLAGS_RELEASE: ""
      VCPKG_INSTALLED_DIR: "C:/Users/Carlos/source/repos/Contabilidad en C/build/vcpkg_installed"
      VCPKG_LINKER_FLAGS: ""
      VCPKG_LINKER_FLAGS_DEBUG: ""
      VCPKG_LINKER_FLAGS_RELEASE: ""
      VCPKG_PLATFORM_TOOLSET: "v145"
      VCPKG_PREFER_SYSTEM_LIBS: "OFF"
      VCPKG_SET_CHARSET_FLAG: "ON"
      VCPKG_TARGET_ARCHITECTURE: "x64"
      VCPKG_TARGET_TRIPLET: "x64-windows"
      Z_VCPKG_ROOT_DIR: "C:/Program Files/Microsoft Visual Studio/18/Community/VC/vcpkg"
    buildResult:
      variable: "HAVE_FSEEKO"
      cached: true
      stdout: |
        Change Dir: 'C:/Users/Carlos/source/repos/Contabilidad en C/build/vcpkg_installed/vcpkg/blds/zlib/x64-windows-rel/CMakeFiles/CMakeScratch/TryCompile-yntauk'
        
        Run Build Command(s): "C:/Program Files/Microsoft Visual Studio/18/Community/Common7/IDE/CommonExtensions/Microsoft/CMake/Ninja/ninja.exe" -v cmTC_b11ae
        [1/2] C:\\PROGRA~1\\MIB055~1\\18\\COMMUN~1\\VC\\Tools\\MSVC\\1451~1.362\\bin\\Hostx64\\x64\\cl.exe  /nologo   /nologo /DWIN32 /D_WINDOWS /utf-8 /MP  -DCHECK_FUNCTION_EXISTS=fseeko /MDd /Z7 /Ob0 /Od /RTC1  -MDd /showIncludes /FoCMakeFiles\\cmTC_b11ae.dir\\CheckFunctionExists.c.obj /FdCMakeFiles\\cmTC_b11ae.dir\\ /FS -c "C:\\Users\\Carlos\\source\\repos\\Contabilidad en C\\build\\vcpkg_installed\\vcpkg\\blds\\zlib\\x64-windows-rel\\CMakeFiles\\CMakeScratch\\TryCompile-yntauk\\CheckFunctionExists.c"
        [2/2] C:\\WINDOWS\\system32\\cmd.exe /C "cd . && C:\\Users\\Carlos\\AppData\\Local\\vcpkg\\downloads\\tools\\cmake-3.31.10-windows\\cmake-3.31.10-windows-x86_64\\bin\\cmake.exe -E vs_link_exe --msvc-ver=1951 --intdir=CMakeFiles\\cmTC_b11ae.dir --rc=C:\\PROGRA~2\\WINDOW~4\\10\\bin\\100261~1.0\\x64\\rc.exe --mt=C:\\PROGRA~2\\WINDOW~4\\10\\bin\\100261~1.0\\x64\\mt.exe --manifests  -- C:\\PROGRA~1\\MIB055~1\\18\\COMMUN~1\\VC\\Tools\\MSVC\\1451~1.362\\bin\\Hostx64\\x64\\link.exe /nologo CMakeFiles\\cmTC_b11ae.dir\\CheckFunctionExists.c.obj  /out:cmTC_b11ae.exe /implib:cmTC_b11ae.lib /pdb:cmTC_b11ae.pdb /version:0.0 /machine:x64  /nologo    /debug /INCREMENTAL /subsystem:console  kernel32.lib user32.lib gdi32.lib winspool.lib shell32.lib ole32.lib oleaut32.lib uuid.lib comdlg32.lib advapi32.lib && cd ."
        FAILED: [code=4294967295] cmTC_b11ae.exe 
        C:\\WINDOWS\\system32\\cmd.exe /C "cd . && C:\\Users\\Carlos\\AppData\\Local\\vcpkg\\downloads\\tools\\cmake-3.31.10-windows\\cmake-3.31.10-windows-x86_64\\bin\\cmake.exe -E vs_link_exe --msvc-ver=1951 --intdir=CMakeFiles\\cmTC_b11ae.dir --rc=C:\\PROGRA~2\\WINDOW~4\\10\\bin\\100261~1.0\\x64\\rc.exe --mt=C:\\PROGRA~2\\WINDOW~4\\10\\bin\\100261~1.0\\x64\\mt.exe --manifests  -- C:\\PROGRA~1\\MIB055~1\\18\\COMMUN~1\\VC\\Tools\\MSVC\\1451~1.362\\bin\\Hostx64\\x64\\link.exe /nologo CMakeFiles\\cmTC_b11ae.dir\\CheckFunctionExists.c.obj  /out:cmTC_b11ae.exe /implib:cmTC_b11ae.lib /pdb:cmTC_b11ae.pdb /version:0.0 /machine:x64  /nologo    /debug /INCREMENTAL /subsystem:console  kernel32.lib user32.lib gdi32.lib winspool.lib shell32.lib ole32.lib oleaut32.lib uuid.lib comdlg32.lib advapi32.lib && cd ."
        LINK Pass 1: command "C:\\PROGRA~1\\MIB055~1\\18\\COMMUN~1\\VC\\Tools\\MSVC\\1451~1.362\\bin\\Hostx64\\x64\\link.exe /nologo CMakeFiles\\cmTC_b11ae.dir\\CheckFunctionExists.c.obj /out:cmTC_b11ae.exe /implib:cmTC_b11ae.lib /pdb:cmTC_b11ae.pdb /version:0.0 /machine:x64 /nologo /debug /INCREMENTAL /subsystem:console kernel32.lib user32.lib gdi32.lib winspool.lib shell32.lib ole32.lib oleaut32.lib uuid.lib comdlg32.lib advapi32.lib /MANIFEST /MANIFESTFILE:CMakeFiles\\cmTC_b11ae.dir/intermediate.manifest CMakeFiles\\cmTC_b11ae.dir/manifest.res" failed (exit code 1120) with the following output:
        CheckFunctionExists.c.obj : error LNK2019: unresolved external symbol fseeko referenced in function main
        cmTC_b11ae.exe : fatal error LNK1120: 1 unresolved externals
        ninja: build stopped: subcommand failed.
        
      exitCode: -1
  -
    kind: "try_compile-v1"
    backtrace:
      - "C:/Users/Carlos/AppData/Local/vcpkg/downloads/tools/cmake-3.31.10-windows/cmake-3.31.10-windows-x86_64/share/cmake-3.31/Modules/CheckIncludeFile.cmake:99 (try_compile)"
      - "CMakeLists.txt:59 (check_include_file)"
    checks:
      - "Looking for unistd.h"
    directories:
      source: "C:/Users/Carlos/source/repos/Contabilidad en C/build/vcpkg_installed/vcpkg/blds/zlib/x64-windows-rel/CMakeFiles/CMakeScratch/TryCompile-n3na0v"
      binary: "C:/Users/Carlos/source/repos/Contabilidad en C/build/vcpkg_installed/vcpkg/blds/zlib/x64-windows-rel/CMakeFiles/CMakeScratch/TryCompile-n3na0v"
    cmakeVariables:
      CMAKE_C_FLAGS: " /nologo /DWIN32 /D_WINDOWS /utf-8 /MP "
      CMAKE_C_FLAGS_DEBUG: "/MDd /Z7 /Ob0 /Od /RTC1 "
      CMAKE_EXE_LINKER_FLAGS: "/machine:x64"
      CMAKE_MSVC_DEBUG_INFORMATION_FORMAT: ""
      CMAKE_MSVC_RUNTIME_LIBRARY: "MultiThreaded$<$<CONFIG:Debug>:Debug>$<$<STREQUAL:dynamic,dynamic>:DLL>"
      VCPKG_CHAINLOAD_TOOLCHAIN_FILE: "C:/Program Files/Microsoft Visual Studio/18/Community/VC/vcpkg/scripts/toolchains/windows.cmake"
      VCPKG_CRT_LINKAGE: "dynamic"
      VCPKG_CXX_FLAGS: ""
      VCPKG_CXX_FLAGS_DEBUG: ""
      VCPKG_CXX_FLAGS_RELEASE: ""
      VCPKG_C_FLAGS: ""
      VCPKG_C_FLAGS_DEBUG: ""
      VCPKG_C_FLAGS_RELEASE: ""
      VCPKG_INSTALLED_DIR: "C:/Users/Carlos/source/repos/Contabilidad en C/build/vcpkg_installed"
      VCPKG_LINKER_FLAGS: ""
      VCPKG_LINKER_FLAGS_DEBUG: ""
      VCPKG_LINKER_FLAGS_RELEASE: ""
      VCPKG_PLATFORM_TOOLSET: "v145"
      VCPKG_PREFER_SYSTEM_LIBS: "OFF"
      VCPKG_SET_CHARSET_FLAG: "ON"
      VCPKG_TARGET_ARCHITECTURE: "x64"
      VCPKG_TARGET_TRIPLET: "x64-windows"
      Z_VCPKG_ROOT_DIR: "C:/Program Files/Microsoft Visual Studio/18/Community/VC/vcpkg"
    buildResult:
      variable: "Z_HAVE_UNISTD_H"
      cached: true
      stdout: |
        Change Dir: 'C:/Users/Carlos/source/repos/Contabilidad en C/build/vcpkg_installed/vcpkg/blds/zlib/x64-windows-rel/CMakeFiles/CMakeScratch/TryCompile-n3na0v'
        
        Run Build Command(s): "C:/Program Files/Microsoft Visual Studio/18/Community/Common7/IDE/CommonExtensions/Microsoft/CMake/Ninja/ninja.exe" -v cmTC_56b56
        [1/2] C:\\PROGRA~1\\MIB055~1\\18\\COMMUN~1\\VC\\Tools\\MSVC\\1451~1.362\\bin\\Hostx64\\x64\\cl.exe  /nologo   /nologo /DWIN32 /D_WINDOWS /utf-8 /MP   /MDd /Z7 /Ob0 /Od /RTC1  -MDd /showIncludes /FoCMakeFiles\\cmTC_56b56.dir\\CheckIncludeFile.c.obj /FdCMakeFiles\\cmTC_56b56.dir\\ /FS -c "C:\\Users\\Carlos\\source\\repos\\Contabilidad en C\\build\\vcpkg_installed\\vcpkg\\blds\\zlib\\x64-windows-rel\\CMakeFiles\\CMakeScratch\\TryCompile-n3na0v\\CheckIncludeFile.c"
        FAILED: [code=2] CMakeFiles/cmTC_56b56.dir/CheckIncludeFile.c.obj 
        C:\\PROGRA~1\\MIB055~1\\18\\COMMUN~1\\VC\\Tools\\MSVC\\1451~1.362\\bin\\Hostx64\\x64\\cl.exe  /nologo   /nologo /DWIN32 /D_WINDOWS /utf-8 /MP   /MDd /Z7 /Ob0 /Od /RTC1  -MDd /showIncludes /FoCMakeFiles\\cmTC_56b56.dir\\CheckIncludeFile.c.obj /FdCMakeFiles\\cmTC_56b56.dir\\ /FS -c "C:\\Users\\Carlos\\source\\repos\\Contabilidad en C\\build\\vcpkg_installed\\vcpkg\\blds\\zlib\\x64-windows-rel\\CMakeFiles\\CMakeScratch\\TryCompile-n3na0v\\CheckIncludeFile.c"
        C:\\Users\\Carlos\\source\\repos\\Contabilidad en C\\build\\vcpkg_installed\\vcpkg\\blds\\zlib\\x64-windows-rel\\CMakeFiles\\CMakeScratch\\TryCompile-n3na0v\\CheckIncludeFile.c(1): fatal error C1083: Cannot open include file: 'unistd.h': No such file or directory
        ninja: build stopped: subcommand failed.
        
      exitCode: 2
...
