Change Dir: 'C:/Users/Carlos/source/repos/Contabilidad en C/build/vcpkg_installed/vcpkg/blds/minizip/x64-windows-rel'

Run Build Command(s): "C:/Program Files/Microsoft Visual Studio/18/Community/Common7/IDE/CommonExtensions/Microsoft/CMake/Ninja/ninja.exe" -v -v -j13 install
[1/7] C:\PROGRA~1\MIB055~1\18\COMMUN~1\VC\Tools\MSVC\1451~1.362\bin\Hostx64\x64\cl.exe   -D_ZLIB_H -Dminizip_EXPORTS -external:I"C:\Users\Carlos\source\repos\Contabilidad en C\build\vcpkg_installed\x64-windows\include" -external:W0 /nologo /DWIN32 /D_WINDOWS /utf-8 /MP  /MD /O2 /Oi /Gy /DNDEBUG /Z7  -MD /W3 /wd4005 /wd4996 /wd4018 -D_CRT_SECURE_NO_WARNINGS /showIncludes /FoCMakeFiles\minizip.dir\ioapi.c.obj /FdCMakeFiles\minizip.dir\ /FS -c "C:\Users\Carlos\source\repos\Contabilidad en C\build\vcpkg_installed\vcpkg\blds\minizip\src\v1.3.1-2a3c4cf735.clean\contrib\minizip\ioapi.c"
[2/7] C:\PROGRA~1\MIB055~1\18\COMMUN~1\VC\Tools\MSVC\1451~1.362\bin\Hostx64\x64\cl.exe   -D_ZLIB_H -Dminizip_EXPORTS -external:I"C:\Users\Carlos\source\repos\Contabilidad en C\build\vcpkg_installed\x64-windows\include" -external:W0 /nologo /DWIN32 /D_WINDOWS /utf-8 /MP  /MD /O2 /Oi /Gy /DNDEBUG /Z7  -MD /W3 /wd4005 /wd4996 /wd4018 -D_CRT_SECURE_NO_WARNINGS /showIncludes /FoCMakeFiles\minizip.dir\mztools.c.obj /FdCMakeFiles\minizip.dir\ /FS -c "C:\Users\Carlos\source\repos\Contabilidad en C\build\vcpkg_installed\vcpkg\blds\minizip\src\v1.3.1-2a3c4cf735.clean\contrib\minizip\mztools.c"
[3/7] C:\PROGRA~1\MIB055~1\18\COMMUN~1\VC\Tools\MSVC\1451~1.362\bin\Hostx64\x64\cl.exe   -D_ZLIB_H -Dminizip_EXPORTS -external:I"C:\Users\Carlos\source\repos\Contabilidad en C\build\vcpkg_installed\x64-windows\include" -external:W0 /nologo /DWIN32 /D_WINDOWS /utf-8 /MP  /MD /O2 /Oi /Gy /DNDEBUG /Z7  -MD /W3 /wd4005 /wd4996 /wd4018 -D_CRT_SECURE_NO_WARNINGS /showIncludes /FoCMakeFiles\minizip.dir\unzip.c.obj /FdCMakeFiles\minizip.dir\ /FS -c "C:\Users\Carlos\source\repos\Contabilidad en C\build\vcpkg_installed\vcpkg\blds\minizip\src\v1.3.1-2a3c4cf735.clean\contrib\minizip\unzip.c"
[4/7] C:\PROGRA~1\MIB055~1\18\COMMUN~1\VC\Tools\MSVC\1451~1.362\bin\Hostx64\x64\cl.exe   -D_ZLIB_H -Dminizip_EXPORTS -external:I"C:\Users\Carlos\source\repos\Contabilidad en C\build\vcpkg_installed\x64-windows\include" -external:W0 /nologo /DWIN32 /D_WINDOWS /utf-8 /MP  /MD /O2 /Oi /Gy /DNDEBUG /Z7  -MD /W3 /wd4005 /wd4996 /wd4018 -D_CRT_SECURE_NO_WARNINGS /showIncludes /FoCMakeFiles\minizip.dir\zip.c.obj /FdCMakeFiles\minizip.dir\ /FS -c "C:\Users\Carlos\source\repos\Contabilidad en C\build\vcpkg_installed\vcpkg\blds\minizip\src\v1.3.1-2a3c4cf735.clean\contrib\minizip\zip.c"
[5/7] C:\PROGRA~1\MIB055~1\18\COMMUN~1\VC\Tools\MSVC\1451~1.362\bin\Hostx64\x64\cl.exe   -D_ZLIB_H -Dminizip_EXPORTS -external:I"C:\Users\Carlos\source\repos\Contabilidad en C\build\vcpkg_installed\x64-windows\include" -external:W0 /nologo /DWIN32 /D_WINDOWS /utf-8 /MP  /MD /O2 /Oi /Gy /DNDEBUG /Z7  -MD /W3 /wd4005 /wd4996 /wd4018 -D_CRT_SECURE_NO_WARNINGS /showIncludes /FoCMakeFiles\minizip.dir\iowin32.c.obj /FdCMakeFiles\minizip.dir\ /FS -c "C:\Users\Carlos\source\repos\Contabilidad en C\build\vcpkg_installed\vcpkg\blds\minizip\src\v1.3.1-2a3c4cf735.clean\contrib\minizip\iowin32.c"
[6/7] C:\WINDOWS\system32\cmd.exe /C "cd . && C:\Users\Carlos\AppData\Local\vcpkg\downloads\tools\cmake-3.31.10-windows\cmake-3.31.10-windows-x86_64\bin\cmake.exe -E vs_link_dll --msvc-ver=1951 --intdir=CMakeFiles\minizip.dir --rc=C:\PROGRA~2\WINDOW~4\10\bin\100261~1.0\x64\rc.exe --mt=C:\PROGRA~2\WINDOW~4\10\bin\100261~1.0\x64\mt.exe --manifests  -- C:\PROGRA~1\MIB055~1\18\COMMUN~1\VC\Tools\MSVC\1451~1.362\bin\Hostx64\x64\link.exe  CMakeFiles\minizip.dir\ioapi.c.obj CMakeFiles\minizip.dir\unzip.c.obj CMakeFiles\minizip.dir\zip.c.obj CMakeFiles\minizip.dir\mztools.c.obj CMakeFiles\minizip.dir\iowin32.c.obj  /out:minizip.dll /implib:minizip.lib /pdb:minizip.pdb /dll /version:0.0 /machine:x64 /nologo /DEBUG /INCREMENTAL:NO /OPT:REF /OPT:ICF    /DEF:"C:\Users\Carlos\source\repos\Contabilidad en C\build\vcpkg_installed\vcpkg\blds\minizip\src\v1.3.1-2a3c4cf735.clean\contrib\minizip\minizip-win32.def"  "C:\Users\Carlos\source\repos\Contabilidad en C\build\vcpkg_installed\x64-windows\lib\zlib.lib"  kernel32.lib user32.lib gdi32.lib winspool.lib shell32.lib ole32.lib oleaut32.lib uuid.lib comdlg32.lib advapi32.lib && cd ."
[6/7] C:\WINDOWS\system32\cmd.exe /C "cd /D "C:\Users\Carlos\source\repos\Contabilidad en C\build\vcpkg_installed\vcpkg\blds\minizip\x64-windows-rel" && C:\Users\Carlos\AppData\Local\vcpkg\downloads\tools\cmake-3.31.10-windows\cmake-3.31.10-windows-x86_64\bin\cmake.exe -P cmake_install.cmake"
-- Install configuration: "Release"
-- Installing: C:/Users/Carlos/source/repos/Contabilidad en C/build/vcpkg_installed/vcpkg/pkgs/minizip_x64-windows/lib/minizip.lib
-- Installing: C:/Users/Carlos/source/repos/Contabilidad en C/build/vcpkg_installed/vcpkg/pkgs/minizip_x64-windows/bin/minizip.dll
-- Installing: C:/Users/Carlos/source/repos/Contabilidad en C/build/vcpkg_installed/vcpkg/pkgs/minizip_x64-windows/share/unofficial-minizip/unofficial-minizipConfig.cmake
-- Installing: C:/Users/Carlos/source/repos/Contabilidad en C/build/vcpkg_installed/vcpkg/pkgs/minizip_x64-windows/share/unofficial-minizip/unofficial-minizipConfigVersion.cmake
-- Installing: C:/Users/Carlos/source/repos/Contabilidad en C/build/vcpkg_installed/vcpkg/pkgs/minizip_x64-windows/share/unofficial-minizip/unofficial-minizipTargets.cmake
-- Installing: C:/Users/Carlos/source/repos/Contabilidad en C/build/vcpkg_installed/vcpkg/pkgs/minizip_x64-windows/share/unofficial-minizip/unofficial-minizipTargets-release.cmake
-- Installing: C:/Users/Carlos/source/repos/Contabilidad en C/build/vcpkg_installed/vcpkg/pkgs/minizip_x64-windows/include/minizip/crypt.h
-- Installing: C:/Users/Carlos/source/repos/Contabilidad en C/build/vcpkg_installed/vcpkg/pkgs/minizip_x64-windows/include/minizip/ioapi.h
-- Installing: C:/Users/Carlos/source/repos/Contabilidad en C/build/vcpkg_installed/vcpkg/pkgs/minizip_x64-windows/include/minizip/unzip.h
-- Installing: C:/Users/Carlos/source/repos/Contabilidad en C/build/vcpkg_installed/vcpkg/pkgs/minizip_x64-windows/include/minizip/zip.h
-- Installing: C:/Users/Carlos/source/repos/Contabilidad en C/build/vcpkg_installed/vcpkg/pkgs/minizip_x64-windows/include/minizip/mztools.h
-- Installing: C:/Users/Carlos/source/repos/Contabilidad en C/build/vcpkg_installed/vcpkg/pkgs/minizip_x64-windows/include/minizip/iowin32.h
-- Installing: C:/Users/Carlos/source/repos/Contabilidad en C/build/vcpkg_installed/vcpkg/pkgs/minizip_x64-windows/lib/pkgconfig/minizip.pc

