# CMAKE generated file: DO NOT EDIT!
# Generated by "Ninja" Generator, CMake Version 3.31

# This file contains all the build statements describing the
# compilation DAG.

# =============================================================================
# Write statements declared in CMakeLists.txt:
# 
# Which is the root file.
# =============================================================================

# =============================================================================
# Project: xlsxwriter
# Configurations: Release
# =============================================================================

#############################################
# Minimal version of Ninja required by this file

ninja_required_version = 1.5


#############################################
# Set configuration variable for custom commands.

CONFIGURATION = Release
# =============================================================================
# Include auxiliary files.


#############################################
# Include rules file.

include CMakeFiles\rules.ninja

# =============================================================================

#############################################
# Logical path to working directory; prefix for absolute paths.

cmake_ninja_workdir = C$:\Users\Carlos\source\repos\Contabilidad$ en$ C\build\vcpkg_installed\vcpkg\blds\libxlsxwriter\x64-windows-rel\
# =============================================================================
# Object build statements for SHARED_LIBRARY target xlsxwriter


#############################################
# Order-only phony target for xlsxwriter

build cmake_object_order_depends_target_xlsxwriter: phony || .

build CMakeFiles\xlsxwriter.dir\src\app.c.obj: C_COMPILER__xlsxwriter_unscanned_Release C$:\Users\Carlos\source\repos\Contabilidad$ en$ C\build\vcpkg_installed\vcpkg\blds\libxlsxwriter\src\v1.2.4-916cd7d195.clean\src\app.c || cmake_object_order_depends_target_xlsxwriter
  DEFINES = -DNOCRYPT -DNOUNCRYPT -DUSE_SYSTEM_MINIZIP -D_CRT_SECURE_NO_WARNINGS -Dxlsxwriter_EXPORTS
  FLAGS = /nologo /DWIN32 /D_WINDOWS /utf-8 /MP  /MD /O2 /Oi /Gy /DNDEBUG /Z7  -MD /utf-8
  INCLUDES = -I"C:\Users\Carlos\source\repos\Contabilidad en C\build\vcpkg_installed\vcpkg\blds\libxlsxwriter\src\v1.2.4-916cd7d195.clean\include" -I"C:\Users\Carlos\source\repos\Contabilidad en C\build\vcpkg_installed\vcpkg\blds\libxlsxwriter\src\v1.2.4-916cd7d195.clean\include\xlsxwriter" -external:I"C:\Users\Carlos\source\repos\Contabilidad en C\build\vcpkg_installed\x64-windows\include" -external:I"C:\Users\Carlos\source\repos\Contabilidad en C\build\vcpkg_installed\x64-windows\include\minizip" -external:W0
  OBJECT_DIR = CMakeFiles\xlsxwriter.dir
  OBJECT_FILE_DIR = CMakeFiles\xlsxwriter.dir\src
  TARGET_COMPILE_PDB = CMakeFiles\xlsxwriter.dir\
  TARGET_PDB = xlsxwriter.pdb

build CMakeFiles\xlsxwriter.dir\src\chart.c.obj: C_COMPILER__xlsxwriter_unscanned_Release C$:\Users\Carlos\source\repos\Contabilidad$ en$ C\build\vcpkg_installed\vcpkg\blds\libxlsxwriter\src\v1.2.4-916cd7d195.clean\src\chart.c || cmake_object_order_depends_target_xlsxwriter
  DEFINES = -DNOCRYPT -DNOUNCRYPT -DUSE_SYSTEM_MINIZIP -D_CRT_SECURE_NO_WARNINGS -Dxlsxwriter_EXPORTS
  FLAGS = /nologo /DWIN32 /D_WINDOWS /utf-8 /MP  /MD /O2 /Oi /Gy /DNDEBUG /Z7  -MD /utf-8
  INCLUDES = -I"C:\Users\Carlos\source\repos\Contabilidad en C\build\vcpkg_installed\vcpkg\blds\libxlsxwriter\src\v1.2.4-916cd7d195.clean\include" -I"C:\Users\Carlos\source\repos\Contabilidad en C\build\vcpkg_installed\vcpkg\blds\libxlsxwriter\src\v1.2.4-916cd7d195.clean\include\xlsxwriter" -external:I"C:\Users\Carlos\source\repos\Contabilidad en C\build\vcpkg_installed\x64-windows\include" -external:I"C:\Users\Carlos\source\repos\Contabilidad en C\build\vcpkg_installed\x64-windows\include\minizip" -external:W0
  OBJECT_DIR = CMakeFiles\xlsxwriter.dir
  OBJECT_FILE_DIR = CMakeFiles\xlsxwriter.dir\src
  TARGET_COMPILE_PDB = CMakeFiles\xlsxwriter.dir\
  TARGET_PDB = xlsxwriter.pdb

build CMakeFiles\xlsxwriter.dir\src\chartsheet.c.obj: C_COMPILER__xlsxwriter_unscanned_Release C$:\Users\Carlos\source\repos\Contabilidad$ en$ C\build\vcpkg_installed\vcpkg\blds\libxlsxwriter\src\v1.2.4-916cd7d195.clean\src\chartsheet.c || cmake_object_order_depends_target_xlsxwriter
  DEFINES = -DNOCRYPT -DNOUNCRYPT -DUSE_SYSTEM_MINIZIP -D_CRT_SECURE_NO_WARNINGS -Dxlsxwriter_EXPORTS
  FLAGS = /nologo /DWIN32 /D_WINDOWS /utf-8 /MP  /MD /O2 /Oi /Gy /DNDEBUG /Z7  -MD /utf-8
  INCLUDES = -I"C:\Users\Carlos\source\repos\Contabilidad en C\build\vcpkg_installed\vcpkg\blds\libxlsxwriter\src\v1.2.4-916cd7d195.clean\include" -I"C:\Users\Carlos\source\repos\Contabilidad en C\build\vcpkg_installed\vcpkg\blds\libxlsxwriter\src\v1.2.4-916cd7d195.clean\include\xlsxwriter" -external:I"C:\Users\Carlos\source\repos\Contabilidad en C\build\vcpkg_installed\x64-windows\include" -external:I"C:\Users\Carlos\source\repos\Contabilidad en C\build\vcpkg_installed\x64-windows\include\minizip" -external:W0
  OBJECT_DIR = CMakeFiles\xlsxwriter.dir
  OBJECT_FILE_DIR = CMakeFiles\xlsxwriter.dir\src
  TARGET_COMPILE_PDB = CMakeFiles\xlsxwriter.dir\
  TARGET_PDB = xlsxwriter.pdb

build CMakeFiles\xlsxwriter.dir\src\comment.c.obj: C_COMPILER__xlsxwriter_unscanned_Release C$:\Users\Carlos\source\repos\Contabilidad$ en$ C\build\vcpkg_installed\vcpkg\blds\libxlsxwriter\src\v1.2.4-916cd7d195.clean\src\comment.c || cmake_object_order_depends_target_xlsxwriter
  DEFINES = -DNOCRYPT -DNOUNCRYPT -DUSE_SYSTEM_MINIZIP -D_CRT_SECURE_NO_WARNINGS -Dxlsxwriter_EXPORTS
  FLAGS = /nologo /DWIN32 /D_WINDOWS /utf-8 /MP  /MD /O2 /Oi /Gy /DNDEBUG /Z7  -MD /utf-8
  INCLUDES = -I"C:\Users\Carlos\source\repos\Contabilidad en C\build\vcpkg_installed\vcpkg\blds\libxlsxwriter\src\v1.2.4-916cd7d195.clean\include" -I"C:\Users\Carlos\source\repos\Contabilidad en C\build\vcpkg_installed\vcpkg\blds\libxlsxwriter\src\v1.2.4-916cd7d195.clean\include\xlsxwriter" -external:I"C:\Users\Carlos\source\repos\Contabilidad en C\build\vcpkg_installed\x64-windows\include" -external:I"C:\Users\Carlos\source\repos\Contabilidad en C\build\vcpkg_installed\x64-windows\include\minizip" -external:W0
  OBJECT_DIR = CMakeFiles\xlsxwriter.dir
  OBJECT_FILE_DIR = CMakeFiles\xlsxwriter.dir\src
  TARGET_COMPILE_PDB = CMakeFiles\xlsxwriter.dir\
  TARGET_PDB = xlsxwriter.pdb

build CMakeFiles\xlsxwriter.dir\src\content_types.c.obj: C_COMPILER__xlsxwriter_unscanned_Release C$:\Users\Carlos\source\repos\Contabilidad$ en$ C\build\vcpkg_installed\vcpkg\blds\libxlsxwriter\src\v1.2.4-916cd7d195.clean\src\content_types.c || cmake_object_order_depends_target_xlsxwriter
  DEFINES = -DNOCRYPT -DNOUNCRYPT -DUSE_SYSTEM_MINIZIP -D_CRT_SECURE_NO_WARNINGS -Dxlsxwriter_EXPORTS
  FLAGS = /nologo /DWIN32 /D_WINDOWS /utf-8 /MP  /MD /O2 /Oi /Gy /DNDEBUG /Z7  -MD /utf-8
  INCLUDES = -I"C:\Users\Carlos\source\repos\Contabilidad en C\build\vcpkg_installed\vcpkg\blds\libxlsxwriter\src\v1.2.4-916cd7d195.clean\include" -I"C:\Users\Carlos\source\repos\Contabilidad en C\build\vcpkg_installed\vcpkg\blds\libxlsxwriter\src\v1.2.4-916cd7d195.clean\include\xlsxwriter" -external:I"C:\Users\Carlos\source\repos\Contabilidad en C\build\vcpkg_installed\x64-windows\include" -external:I"C:\Users\Carlos\source\repos\Contabilidad en C\build\vcpkg_installed\x64-windows\include\minizip" -external:W0
  OBJECT_DIR = CMakeFiles\xlsxwriter.dir
  OBJECT_FILE_DIR = CMakeFiles\xlsxwriter.dir\src
  TARGET_COMPILE_PDB = CMakeFiles\xlsxwriter.dir\
  TARGET_PDB = xlsxwriter.pdb

build CMakeFiles\xlsxwriter.dir\src\core.c.obj: C_COMPILER__xlsxwriter_unscanned_Release C$:\Users\Carlos\source\repos\Contabilidad$ en$ C\build\vcpkg_installed\vcpkg\blds\libxlsxwriter\src\v1.2.4-916cd7d195.clean\src\core.c || cmake_object_order_depends_target_xlsxwriter
  DEFINES = -DNOCRYPT -DNOUNCRYPT -DUSE_SYSTEM_MINIZIP -D_CRT_SECURE_NO_WARNINGS -Dxlsxwriter_EXPORTS
  FLAGS = /nologo /DWIN32 /D_WINDOWS /utf-8 /MP  /MD /O2 /Oi /Gy /DNDEBUG /Z7  -MD /utf-8
  INCLUDES = -I"C:\Users\Carlos\source\repos\Contabilidad en C\build\vcpkg_installed\vcpkg\blds\libxlsxwriter\src\v1.2.4-916cd7d195.clean\include" -I"C:\Users\Carlos\source\repos\Contabilidad en C\build\vcpkg_installed\vcpkg\blds\libxlsxwriter\src\v1.2.4-916cd7d195.clean\include\xlsxwriter" -external:I"C:\Users\Carlos\source\repos\Contabilidad en C\build\vcpkg_installed\x64-windows\include" -external:I"C:\Users\Carlos\source\repos\Contabilidad en C\build\vcpkg_installed\x64-windows\include\minizip" -external:W0
  OBJECT_DIR = CMakeFiles\xlsxwriter.dir
  OBJECT_FILE_DIR = CMakeFiles\xlsxwriter.dir\src
  TARGET_COMPILE_PDB = CMakeFiles\xlsxwriter.dir\
  TARGET_PDB = xlsxwriter.pdb

build CMakeFiles\xlsxwriter.dir\src\custom.c.obj: C_COMPILER__xlsxwriter_unscanned_Release C$:\Users\Carlos\source\repos\Contabilidad$ en$ C\build\vcpkg_installed\vcpkg\blds\libxlsxwriter\src\v1.2.4-916cd7d195.clean\src\custom.c || cmake_object_order_depends_target_xlsxwriter
  DEFINES = -DNOCRYPT -DNOUNCRYPT -DUSE_SYSTEM_MINIZIP -D_CRT_SECURE_NO_WARNINGS -Dxlsxwriter_EXPORTS
  FLAGS = /nologo /DWIN32 /D_WINDOWS /utf-8 /MP  /MD /O2 /Oi /Gy /DNDEBUG /Z7  -MD /utf-8
  INCLUDES = -I"C:\Users\Carlos\source\repos\Contabilidad en C\build\vcpkg_installed\vcpkg\blds\libxlsxwriter\src\v1.2.4-916cd7d195.clean\include" -I"C:\Users\Carlos\source\repos\Contabilidad en C\build\vcpkg_installed\vcpkg\blds\libxlsxwriter\src\v1.2.4-916cd7d195.clean\include\xlsxwriter" -external:I"C:\Users\Carlos\source\repos\Contabilidad en C\build\vcpkg_installed\x64-windows\include" -external:I"C:\Users\Carlos\source\repos\Contabilidad en C\build\vcpkg_installed\x64-windows\include\minizip" -external:W0
  OBJECT_DIR = CMakeFiles\xlsxwriter.dir
  OBJECT_FILE_DIR = CMakeFiles\xlsxwriter.dir\src
  TARGET_COMPILE_PDB = CMakeFiles\xlsxwriter.dir\
  TARGET_PDB = xlsxwriter.pdb

build CMakeFiles\xlsxwriter.dir\src\drawing.c.obj: C_COMPILER__xlsxwriter_unscanned_Release C$:\Users\Carlos\source\repos\Contabilidad$ en$ C\build\vcpkg_installed\vcpkg\blds\libxlsxwriter\src\v1.2.4-916cd7d195.clean\src\drawing.c || cmake_object_order_depends_target_xlsxwriter
  DEFINES = -DNOCRYPT -DNOUNCRYPT -DUSE_SYSTEM_MINIZIP -D_CRT_SECURE_NO_WARNINGS -Dxlsxwriter_EXPORTS
  FLAGS = /nologo /DWIN32 /D_WINDOWS /utf-8 /MP  /MD /O2 /Oi /Gy /DNDEBUG /Z7  -MD /utf-8
  INCLUDES = -I"C:\Users\Carlos\source\repos\Contabilidad en C\build\vcpkg_installed\vcpkg\blds\libxlsxwriter\src\v1.2.4-916cd7d195.clean\include" -I"C:\Users\Carlos\source\repos\Contabilidad en C\build\vcpkg_installed\vcpkg\blds\libxlsxwriter\src\v1.2.4-916cd7d195.clean\include\xlsxwriter" -external:I"C:\Users\Carlos\source\repos\Contabilidad en C\build\vcpkg_installed\x64-windows\include" -external:I"C:\Users\Carlos\source\repos\Contabilidad en C\build\vcpkg_installed\x64-windows\include\minizip" -external:W0
  OBJECT_DIR = CMakeFiles\xlsxwriter.dir
  OBJECT_FILE_DIR = CMakeFiles\xlsxwriter.dir\src
  TARGET_COMPILE_PDB = CMakeFiles\xlsxwriter.dir\
  TARGET_PDB = xlsxwriter.pdb

build CMakeFiles\xlsxwriter.dir\src\format.c.obj: C_COMPILER__xlsxwriter_unscanned_Release C$:\Users\Carlos\source\repos\Contabilidad$ en$ C\build\vcpkg_installed\vcpkg\blds\libxlsxwriter\src\v1.2.4-916cd7d195.clean\src\format.c || cmake_object_order_depends_target_xlsxwriter
  DEFINES = -DNOCRYPT -DNOUNCRYPT -DUSE_SYSTEM_MINIZIP -D_CRT_SECURE_NO_WARNINGS -Dxlsxwriter_EXPORTS
  FLAGS = /nologo /DWIN32 /D_WINDOWS /utf-8 /MP  /MD /O2 /Oi /Gy /DNDEBUG /Z7  -MD /utf-8
  INCLUDES = -I"C:\Users\Carlos\source\repos\Contabilidad en C\build\vcpkg_installed\vcpkg\blds\libxlsxwriter\src\v1.2.4-916cd7d195.clean\include" -I"C:\Users\Carlos\source\repos\Contabilidad en C\build\vcpkg_installed\vcpkg\blds\libxlsxwriter\src\v1.2.4-916cd7d195.clean\include\xlsxwriter" -external:I"C:\Users\Carlos\source\repos\Contabilidad en C\build\vcpkg_installed\x64-windows\include" -external:I"C:\Users\Carlos\source\repos\Contabilidad en C\build\vcpkg_installed\x64-windows\include\minizip" -external:W0
  OBJECT_DIR = CMakeFiles\xlsxwriter.dir
  OBJECT_FILE_DIR = CMakeFiles\xlsxwriter.dir\src
  TARGET_COMPILE_PDB = CMakeFiles\xlsxwriter.dir\
  TARGET_PDB = xlsxwriter.pdb

build CMakeFiles\xlsxwriter.dir\src\hash_table.c.obj: C_COMPILER__xlsxwriter_unscanned_Release C$:\Users\Carlos\source\repos\Contabilidad$ en$ C\build\vcpkg_installed\vcpkg\blds\libxlsxwriter\src\v1.2.4-916cd7d195.clean\src\hash_table.c || cmake_object_order_depends_target_xlsxwriter
  DEFINES = -DNOCRYPT -DNOUNCRYPT -DUSE_SYSTEM_MINIZIP -D_CRT_SECURE_NO_WARNINGS -Dxlsxwriter_EXPORTS
  FLAGS = /nologo /DWIN32 /D_WINDOWS /utf-8 /MP  /MD /O2 /Oi /Gy /DNDEBUG /Z7  -MD /utf-8
  INCLUDES = -I"C:\Users\Carlos\source\repos\Contabilidad en C\build\vcpkg_installed\vcpkg\blds\libxlsxwriter\src\v1.2.4-916cd7d195.clean\include" -I"C:\Users\Carlos\source\repos\Contabilidad en C\build\vcpkg_installed\vcpkg\blds\libxlsxwriter\src\v1.2.4-916cd7d195.clean\include\xlsxwriter" -external:I"C:\Users\Carlos\source\repos\Contabilidad en C\build\vcpkg_installed\x64-windows\include" -external:I"C:\Users\Carlos\source\repos\Contabilidad en C\build\vcpkg_installed\x64-windows\include\minizip" -external:W0
  OBJECT_DIR = CMakeFiles\xlsxwriter.dir
  OBJECT_FILE_DIR = CMakeFiles\xlsxwriter.dir\src
  TARGET_COMPILE_PDB = CMakeFiles\xlsxwriter.dir\
  TARGET_PDB = xlsxwriter.pdb

build CMakeFiles\xlsxwriter.dir\src\metadata.c.obj: C_COMPILER__xlsxwriter_unscanned_Release C$:\Users\Carlos\source\repos\Contabilidad$ en$ C\build\vcpkg_installed\vcpkg\blds\libxlsxwriter\src\v1.2.4-916cd7d195.clean\src\metadata.c || cmake_object_order_depends_target_xlsxwriter
  DEFINES = -DNOCRYPT -DNOUNCRYPT -DUSE_SYSTEM_MINIZIP -D_CRT_SECURE_NO_WARNINGS -Dxlsxwriter_EXPORTS
  FLAGS = /nologo /DWIN32 /D_WINDOWS /utf-8 /MP  /MD /O2 /Oi /Gy /DNDEBUG /Z7  -MD /utf-8
  INCLUDES = -I"C:\Users\Carlos\source\repos\Contabilidad en C\build\vcpkg_installed\vcpkg\blds\libxlsxwriter\src\v1.2.4-916cd7d195.clean\include" -I"C:\Users\Carlos\source\repos\Contabilidad en C\build\vcpkg_installed\vcpkg\blds\libxlsxwriter\src\v1.2.4-916cd7d195.clean\include\xlsxwriter" -external:I"C:\Users\Carlos\source\repos\Contabilidad en C\build\vcpkg_installed\x64-windows\include" -external:I"C:\Users\Carlos\source\repos\Contabilidad en C\build\vcpkg_installed\x64-windows\include\minizip" -external:W0
  OBJECT_DIR = CMakeFiles\xlsxwriter.dir
  OBJECT_FILE_DIR = CMakeFiles\xlsxwriter.dir\src
  TARGET_COMPILE_PDB = CMakeFiles\xlsxwriter.dir\
  TARGET_PDB = xlsxwriter.pdb

build CMakeFiles\xlsxwriter.dir\src\packager.c.obj: C_COMPILER__xlsxwriter_unscanned_Release C$:\Users\Carlos\source\repos\Contabilidad$ en$ C\build\vcpkg_installed\vcpkg\blds\libxlsxwriter\src\v1.2.4-916cd7d195.clean\src\packager.c || cmake_object_order_depends_target_xlsxwriter
  DEFINES = -DNOCRYPT -DNOUNCRYPT -DUSE_SYSTEM_MINIZIP -D_CRT_SECURE_NO_WARNINGS -Dxlsxwriter_EXPORTS
  FLAGS = /nologo /DWIN32 /D_WINDOWS /utf-8 /MP  /MD /O2 /Oi /Gy /DNDEBUG /Z7  -MD /utf-8
  INCLUDES = -I"C:\Users\Carlos\source\repos\Contabilidad en C\build\vcpkg_installed\vcpkg\blds\libxlsxwriter\src\v1.2.4-916cd7d195.clean\include" -I"C:\Users\Carlos\source\repos\Contabilidad en C\build\vcpkg_installed\vcpkg\blds\libxlsxwriter\src\v1.2.4-916cd7d195.clean\include\xlsxwriter" -external:I"C:\Users\Carlos\source\repos\Contabilidad en C\build\vcpkg_installed\x64-windows\include" -external:I"C:\Users\Carlos\source\repos\Contabilidad en C\build\vcpkg_installed\x64-windows\include\minizip" -external:W0
  OBJECT_DIR = CMakeFiles\xlsxwriter.dir
  OBJECT_FILE_DIR = CMakeFiles\xlsxwriter.dir\src
  TARGET_COMPILE_PDB = CMakeFiles\xlsxwriter.dir\
  TARGET_PDB = xlsxwriter.pdb

build CMakeFiles\xlsxwriter.dir\src\relationships.c.obj: C_COMPILER__xlsxwriter_unscanned_Release C$:\Users\Carlos\source\repos\Contabilidad$ en$ C\build\vcpkg_installed\vcpkg\blds\libxlsxwriter\src\v1.2.4-916cd7d195.clean\src\relationships.c || cmake_object_order_depends_target_xlsxwriter
  DEFINES = -DNOCRYPT -DNOUNCRYPT -DUSE_SYSTEM_MINIZIP -D_CRT_SECURE_NO_WARNINGS -Dxlsxwriter_EXPORTS
  FLAGS = /nologo /DWIN32 /D_WINDOWS /utf-8 /MP  /MD /O2 /Oi /Gy /DNDEBUG /Z7  -MD /utf-8
  INCLUDES = -I"C:\Users\Carlos\source\repos\Contabilidad en C\build\vcpkg_installed\vcpkg\blds\libxlsxwriter\src\v1.2.4-916cd7d195.clean\include" -I"C:\Users\Carlos\source\repos\Contabilidad en C\build\vcpkg_installed\vcpkg\blds\libxlsxwriter\src\v1.2.4-916cd7d195.clean\include\xlsxwriter" -external:I"C:\Users\Carlos\source\repos\Contabilidad en C\build\vcpkg_installed\x64-windows\include" -external:I"C:\Users\Carlos\source\repos\Contabilidad en C\build\vcpkg_installed\x64-windows\include\minizip" -external:W0
  OBJECT_DIR = CMakeFiles\xlsxwriter.dir
  OBJECT_FILE_DIR = CMakeFiles\xlsxwriter.dir\src
  TARGET_COMPILE_PDB = CMakeFiles\xlsxwriter.dir\
  TARGET_PDB = xlsxwriter.pdb

build CMakeFiles\xlsxwriter.dir\src\rich_value.c.obj: C_COMPILER__xlsxwriter_unscanned_Release C$:\Users\Carlos\source\repos\Contabilidad$ en$ C\build\vcpkg_installed\vcpkg\blds\libxlsxwriter\src\v1.2.4-916cd7d195.clean\src\rich_value.c || cmake_object_order_depends_target_xlsxwriter
  DEFINES = -DNOCRYPT -DNOUNCRYPT -DUSE_SYSTEM_MINIZIP -D_CRT_SECURE_NO_WARNINGS -Dxlsxwriter_EXPORTS
  FLAGS = /nologo /DWIN32 /D_WINDOWS /utf-8 /MP  /MD /O2 /Oi /Gy /DNDEBUG /Z7  -MD /utf-8
  INCLUDES = -I"C:\Users\Carlos\source\repos\Contabilidad en C\build\vcpkg_installed\vcpkg\blds\libxlsxwriter\src\v1.2.4-916cd7d195.clean\include" -I"C:\Users\Carlos\source\repos\Contabilidad en C\build\vcpkg_installed\vcpkg\blds\libxlsxwriter\src\v1.2.4-916cd7d195.clean\include\xlsxwriter" -external:I"C:\Users\Carlos\source\repos\Contabilidad en C\build\vcpkg_installed\x64-windows\include" -external:I"C:\Users\Carlos\source\repos\Contabilidad en C\build\vcpkg_installed\x64-windows\include\minizip" -external:W0
  OBJECT_DIR = CMakeFiles\xlsxwriter.dir
  OBJECT_FILE_DIR = CMakeFiles\xlsxwriter.dir\src
  TARGET_COMPILE_PDB = CMakeFiles\xlsxwriter.dir\
  TARGET_PDB = xlsxwriter.pdb

build CMakeFiles\xlsxwriter.dir\src\rich_value_rel.c.obj: C_COMPILER__xlsxwriter_unscanned_Release C$:\Users\Carlos\source\repos\Contabilidad$ en$ C\build\vcpkg_installed\vcpkg\blds\libxlsxwriter\src\v1.2.4-916cd7d195.clean\src\rich_value_rel.c || cmake_object_order_depends_target_xlsxwriter
  DEFINES = -DNOCRYPT -DNOUNCRYPT -DUSE_SYSTEM_MINIZIP -D_CRT_SECURE_NO_WARNINGS -Dxlsxwriter_EXPORTS
  FLAGS = /nologo /DWIN32 /D_WINDOWS /utf-8 /MP  /MD /O2 /Oi /Gy /DNDEBUG /Z7  -MD /utf-8
  INCLUDES = -I"C:\Users\Carlos\source\repos\Contabilidad en C\build\vcpkg_installed\vcpkg\blds\libxlsxwriter\src\v1.2.4-916cd7d195.clean\include" -I"C:\Users\Carlos\source\repos\Contabilidad en C\build\vcpkg_installed\vcpkg\blds\libxlsxwriter\src\v1.2.4-916cd7d195.clean\include\xlsxwriter" -external:I"C:\Users\Carlos\source\repos\Contabilidad en C\build\vcpkg_installed\x64-windows\include" -external:I"C:\Users\Carlos\source\repos\Contabilidad en C\build\vcpkg_installed\x64-windows\include\minizip" -external:W0
  OBJECT_DIR = CMakeFiles\xlsxwriter.dir
  OBJECT_FILE_DIR = CMakeFiles\xlsxwriter.dir\src
  TARGET_COMPILE_PDB = CMakeFiles\xlsxwriter.dir\
  TARGET_PDB = xlsxwriter.pdb

build CMakeFiles\xlsxwriter.dir\src\rich_value_structure.c.obj: C_COMPILER__xlsxwriter_unscanned_Release C$:\Users\Carlos\source\repos\Contabilidad$ en$ C\build\vcpkg_installed\vcpkg\blds\libxlsxwriter\src\v1.2.4-916cd7d195.clean\src\rich_value_structure.c || cmake_object_order_depends_target_xlsxwriter
  DEFINES = -DNOCRYPT -DNOUNCRYPT -DUSE_SYSTEM_MINIZIP -D_CRT_SECURE_NO_WARNINGS -Dxlsxwriter_EXPORTS
  FLAGS = /nologo /DWIN32 /D_WINDOWS /utf-8 /MP  /MD /O2 /Oi /Gy /DNDEBUG /Z7  -MD /utf-8
  INCLUDES = -I"C:\Users\Carlos\source\repos\Contabilidad en C\build\vcpkg_installed\vcpkg\blds\libxlsxwriter\src\v1.2.4-916cd7d195.clean\include" -I"C:\Users\Carlos\source\repos\Contabilidad en C\build\vcpkg_installed\vcpkg\blds\libxlsxwriter\src\v1.2.4-916cd7d195.clean\include\xlsxwriter" -external:I"C:\Users\Carlos\source\repos\Contabilidad en C\build\vcpkg_installed\x64-windows\include" -external:I"C:\Users\Carlos\source\repos\Contabilidad en C\build\vcpkg_installed\x64-windows\include\minizip" -external:W0
  OBJECT_DIR = CMakeFiles\xlsxwriter.dir
  OBJECT_FILE_DIR = CMakeFiles\xlsxwriter.dir\src
  TARGET_COMPILE_PDB = CMakeFiles\xlsxwriter.dir\
  TARGET_PDB = xlsxwriter.pdb

build CMakeFiles\xlsxwriter.dir\src\rich_value_types.c.obj: C_COMPILER__xlsxwriter_unscanned_Release C$:\Users\Carlos\source\repos\Contabilidad$ en$ C\build\vcpkg_installed\vcpkg\blds\libxlsxwriter\src\v1.2.4-916cd7d195.clean\src\rich_value_types.c || cmake_object_order_depends_target_xlsxwriter
  DEFINES = -DNOCRYPT -DNOUNCRYPT -DUSE_SYSTEM_MINIZIP -D_CRT_SECURE_NO_WARNINGS -Dxlsxwriter_EXPORTS
  FLAGS = /nologo /DWIN32 /D_WINDOWS /utf-8 /MP  /MD /O2 /Oi /Gy /DNDEBUG /Z7  -MD /utf-8
  INCLUDES = -I"C:\Users\Carlos\source\repos\Contabilidad en C\build\vcpkg_installed\vcpkg\blds\libxlsxwriter\src\v1.2.4-916cd7d195.clean\include" -I"C:\Users\Carlos\source\repos\Contabilidad en C\build\vcpkg_installed\vcpkg\blds\libxlsxwriter\src\v1.2.4-916cd7d195.clean\include\xlsxwriter" -external:I"C:\Users\Carlos\source\repos\Contabilidad en C\build\vcpkg_installed\x64-windows\include" -external:I"C:\Users\Carlos\source\repos\Contabilidad en C\build\vcpkg_installed\x64-windows\include\minizip" -external:W0
  OBJECT_DIR = CMakeFiles\xlsxwriter.dir
  OBJECT_FILE_DIR = CMakeFiles\xlsxwriter.dir\src
  TARGET_COMPILE_PDB = CMakeFiles\xlsxwriter.dir\
  TARGET_PDB = xlsxwriter.pdb

build CMakeFiles\xlsxwriter.dir\src\shared_strings.c.obj: C_COMPILER__xlsxwriter_unscanned_Release C$:\Users\Carlos\source\repos\Contabilidad$ en$ C\build\vcpkg_installed\vcpkg\blds\libxlsxwriter\src\v1.2.4-916cd7d195.clean\src\shared_strings.c || cmake_object_order_depends_target_xlsxwriter
  DEFINES = -DNOCRYPT -DNOUNCRYPT -DUSE_SYSTEM_MINIZIP -D_CRT_SECURE_NO_WARNINGS -Dxlsxwriter_EXPORTS
  FLAGS = /nologo /DWIN32 /D_WINDOWS /utf-8 /MP  /MD /O2 /Oi /Gy /DNDEBUG /Z7  -MD /utf-8
  INCLUDES = -I"C:\Users\Carlos\source\repos\Contabilidad en C\build\vcpkg_installed\vcpkg\blds\libxlsxwriter\src\v1.2.4-916cd7d195.clean\include" -I"C:\Users\Carlos\source\repos\Contabilidad en C\build\vcpkg_installed\vcpkg\blds\libxlsxwriter\src\v1.2.4-916cd7d195.clean\include\xlsxwriter" -external:I"C:\Users\Carlos\source\repos\Contabilidad en C\build\vcpkg_installed\x64-windows\include" -external:I"C:\Users\Carlos\source\repos\Contabilidad en C\build\vcpkg_installed\x64-windows\include\minizip" -external:W0
  OBJECT_DIR = CMakeFiles\xlsxwriter.dir
  OBJECT_FILE_DIR = CMakeFiles\xlsxwriter.dir\src
  TARGET_COMPILE_PDB = CMakeFiles\xlsxwriter.dir\
  TARGET_PDB = xlsxwriter.pdb

build CMakeFiles\xlsxwriter.dir\src\styles.c.obj: C_COMPILER__xlsxwriter_unscanned_Release C$:\Users\Carlos\source\repos\Contabilidad$ en$ C\build\vcpkg_installed\vcpkg\blds\libxlsxwriter\src\v1.2.4-916cd7d195.clean\src\styles.c || cmake_object_order_depends_target_xlsxwriter
  DEFINES = -DNOCRYPT -DNOUNCRYPT -DUSE_SYSTEM_MINIZIP -D_CRT_SECURE_NO_WARNINGS -Dxlsxwriter_EXPORTS
  FLAGS = /nologo /DWIN32 /D_WINDOWS /utf-8 /MP  /MD /O2 /Oi /Gy /DNDEBUG /Z7  -MD /utf-8
  INCLUDES = -I"C:\Users\Carlos\source\repos\Contabilidad en C\build\vcpkg_installed\vcpkg\blds\libxlsxwriter\src\v1.2.4-916cd7d195.clean\include" -I"C:\Users\Carlos\source\repos\Contabilidad en C\build\vcpkg_installed\vcpkg\blds\libxlsxwriter\src\v1.2.4-916cd7d195.clean\include\xlsxwriter" -external:I"C:\Users\Carlos\source\repos\Contabilidad en C\build\vcpkg_installed\x64-windows\include" -external:I"C:\Users\Carlos\source\repos\Contabilidad en C\build\vcpkg_installed\x64-windows\include\minizip" -external:W0
  OBJECT_DIR = CMakeFiles\xlsxwriter.dir
  OBJECT_FILE_DIR = CMakeFiles\xlsxwriter.dir\src
  TARGET_COMPILE_PDB = CMakeFiles\xlsxwriter.dir\
  TARGET_PDB = xlsxwriter.pdb

build CMakeFiles\xlsxwriter.dir\src\table.c.obj: C_COMPILER__xlsxwriter_unscanned_Release C$:\Users\Carlos\source\repos\Contabilidad$ en$ C\build\vcpkg_installed\vcpkg\blds\libxlsxwriter\src\v1.2.4-916cd7d195.clean\src\table.c || cmake_object_order_depends_target_xlsxwriter
  DEFINES = -DNOCRYPT -DNOUNCRYPT -DUSE_SYSTEM_MINIZIP -D_CRT_SECURE_NO_WARNINGS -Dxlsxwriter_EXPORTS
  FLAGS = /nologo /DWIN32 /D_WINDOWS /utf-8 /MP  /MD /O2 /Oi /Gy /DNDEBUG /Z7  -MD /utf-8
  INCLUDES = -I"C:\Users\Carlos\source\repos\Contabilidad en C\build\vcpkg_installed\vcpkg\blds\libxlsxwriter\src\v1.2.4-916cd7d195.clean\include" -I"C:\Users\Carlos\source\repos\Contabilidad en C\build\vcpkg_installed\vcpkg\blds\libxlsxwriter\src\v1.2.4-916cd7d195.clean\include\xlsxwriter" -external:I"C:\Users\Carlos\source\repos\Contabilidad en C\build\vcpkg_installed\x64-windows\include" -external:I"C:\Users\Carlos\source\repos\Contabilidad en C\build\vcpkg_installed\x64-windows\include\minizip" -external:W0
  OBJECT_DIR = CMakeFiles\xlsxwriter.dir
  OBJECT_FILE_DIR = CMakeFiles\xlsxwriter.dir\src
  TARGET_COMPILE_PDB = CMakeFiles\xlsxwriter.dir\
  TARGET_PDB = xlsxwriter.pdb

build CMakeFiles\xlsxwriter.dir\src\theme.c.obj: C_COMPILER__xlsxwriter_unscanned_Release C$:\Users\Carlos\source\repos\Contabilidad$ en$ C\build\vcpkg_installed\vcpkg\blds\libxlsxwriter\src\v1.2.4-916cd7d195.clean\src\theme.c || cmake_object_order_depends_target_xlsxwriter
  DEFINES = -DNOCRYPT -DNOUNCRYPT -DUSE_SYSTEM_MINIZIP -D_CRT_SECURE_NO_WARNINGS -Dxlsxwriter_EXPORTS
  FLAGS = /nologo /DWIN32 /D_WINDOWS /utf-8 /MP  /MD /O2 /Oi /Gy /DNDEBUG /Z7  -MD /utf-8
  INCLUDES = -I"C:\Users\Carlos\source\repos\Contabilidad en C\build\vcpkg_installed\vcpkg\blds\libxlsxwriter\src\v1.2.4-916cd7d195.clean\include" -I"C:\Users\Carlos\source\repos\Contabilidad en C\build\vcpkg_installed\vcpkg\blds\libxlsxwriter\src\v1.2.4-916cd7d195.clean\include\xlsxwriter" -external:I"C:\Users\Carlos\source\repos\Contabilidad en C\build\vcpkg_installed\x64-windows\include" -external:I"C:\Users\Carlos\source\repos\Contabilidad en C\build\vcpkg_installed\x64-windows\include\minizip" -external:W0
  OBJECT_DIR = CMakeFiles\xlsxwriter.dir
  OBJECT_FILE_DIR = CMakeFiles\xlsxwriter.dir\src
  TARGET_COMPILE_PDB = CMakeFiles\xlsxwriter.dir\
  TARGET_PDB = xlsxwriter.pdb

build CMakeFiles\xlsxwriter.dir\src\utility.c.obj: C_COMPILER__xlsxwriter_unscanned_Release C$:\Users\Carlos\source\repos\Contabilidad$ en$ C\build\vcpkg_installed\vcpkg\blds\libxlsxwriter\src\v1.2.4-916cd7d195.clean\src\utility.c || cmake_object_order_depends_target_xlsxwriter
  DEFINES = -DNOCRYPT -DNOUNCRYPT -DUSE_SYSTEM_MINIZIP -D_CRT_SECURE_NO_WARNINGS -Dxlsxwriter_EXPORTS
  FLAGS = /nologo /DWIN32 /D_WINDOWS /utf-8 /MP  /MD /O2 /Oi /Gy /DNDEBUG /Z7  -MD /utf-8
  INCLUDES = -I"C:\Users\Carlos\source\repos\Contabilidad en C\build\vcpkg_installed\vcpkg\blds\libxlsxwriter\src\v1.2.4-916cd7d195.clean\include" -I"C:\Users\Carlos\source\repos\Contabilidad en C\build\vcpkg_installed\vcpkg\blds\libxlsxwriter\src\v1.2.4-916cd7d195.clean\include\xlsxwriter" -external:I"C:\Users\Carlos\source\repos\Contabilidad en C\build\vcpkg_installed\x64-windows\include" -external:I"C:\Users\Carlos\source\repos\Contabilidad en C\build\vcpkg_installed\x64-windows\include\minizip" -external:W0
  OBJECT_DIR = CMakeFiles\xlsxwriter.dir
  OBJECT_FILE_DIR = CMakeFiles\xlsxwriter.dir\src
  TARGET_COMPILE_PDB = CMakeFiles\xlsxwriter.dir\
  TARGET_PDB = xlsxwriter.pdb

build CMakeFiles\xlsxwriter.dir\src\vml.c.obj: C_COMPILER__xlsxwriter_unscanned_Release C$:\Users\Carlos\source\repos\Contabilidad$ en$ C\build\vcpkg_installed\vcpkg\blds\libxlsxwriter\src\v1.2.4-916cd7d195.clean\src\vml.c || cmake_object_order_depends_target_xlsxwriter
  DEFINES = -DNOCRYPT -DNOUNCRYPT -DUSE_SYSTEM_MINIZIP -D_CRT_SECURE_NO_WARNINGS -Dxlsxwriter_EXPORTS
  FLAGS = /nologo /DWIN32 /D_WINDOWS /utf-8 /MP  /MD /O2 /Oi /Gy /DNDEBUG /Z7  -MD /utf-8
  INCLUDES = -I"C:\Users\Carlos\source\repos\Contabilidad en C\build\vcpkg_installed\vcpkg\blds\libxlsxwriter\src\v1.2.4-916cd7d195.clean\include" -I"C:\Users\Carlos\source\repos\Contabilidad en C\build\vcpkg_installed\vcpkg\blds\libxlsxwriter\src\v1.2.4-916cd7d195.clean\include\xlsxwriter" -external:I"C:\Users\Carlos\source\repos\Contabilidad en C\build\vcpkg_installed\x64-windows\include" -external:I"C:\Users\Carlos\source\repos\Contabilidad en C\build\vcpkg_installed\x64-windows\include\minizip" -external:W0
  OBJECT_DIR = CMakeFiles\xlsxwriter.dir
  OBJECT_FILE_DIR = CMakeFiles\xlsxwriter.dir\src
  TARGET_COMPILE_PDB = CMakeFiles\xlsxwriter.dir\
  TARGET_PDB = xlsxwriter.pdb

build CMakeFiles\xlsxwriter.dir\src\workbook.c.obj: C_COMPILER__xlsxwriter_unscanned_Release C$:\Users\Carlos\source\repos\Contabilidad$ en$ C\build\vcpkg_installed\vcpkg\blds\libxlsxwriter\src\v1.2.4-916cd7d195.clean\src\workbook.c || cmake_object_order_depends_target_xlsxwriter
  DEFINES = -DNOCRYPT -DNOUNCRYPT -DUSE_SYSTEM_MINIZIP -D_CRT_SECURE_NO_WARNINGS -Dxlsxwriter_EXPORTS
  FLAGS = /nologo /DWIN32 /D_WINDOWS /utf-8 /MP  /MD /O2 /Oi /Gy /DNDEBUG /Z7  -MD /utf-8
  INCLUDES = -I"C:\Users\Carlos\source\repos\Contabilidad en C\build\vcpkg_installed\vcpkg\blds\libxlsxwriter\src\v1.2.4-916cd7d195.clean\include" -I"C:\Users\Carlos\source\repos\Contabilidad en C\build\vcpkg_installed\vcpkg\blds\libxlsxwriter\src\v1.2.4-916cd7d195.clean\include\xlsxwriter" -external:I"C:\Users\Carlos\source\repos\Contabilidad en C\build\vcpkg_installed\x64-windows\include" -external:I"C:\Users\Carlos\source\repos\Contabilidad en C\build\vcpkg_installed\x64-windows\include\minizip" -external:W0
  OBJECT_DIR = CMakeFiles\xlsxwriter.dir
  OBJECT_FILE_DIR = CMakeFiles\xlsxwriter.dir\src
  TARGET_COMPILE_PDB = CMakeFiles\xlsxwriter.dir\
  TARGET_PDB = xlsxwriter.pdb

build CMakeFiles\xlsxwriter.dir\src\worksheet.c.obj: C_COMPILER__xlsxwriter_unscanned_Release C$:\Users\Carlos\source\repos\Contabilidad$ en$ C\build\vcpkg_installed\vcpkg\blds\libxlsxwriter\src\v1.2.4-916cd7d195.clean\src\worksheet.c || cmake_object_order_depends_target_xlsxwriter
  DEFINES = -DNOCRYPT -DNOUNCRYPT -DUSE_SYSTEM_MINIZIP -D_CRT_SECURE_NO_WARNINGS -Dxlsxwriter_EXPORTS
  FLAGS = /nologo /DWIN32 /D_WINDOWS /utf-8 /MP  /MD /O2 /Oi /Gy /DNDEBUG /Z7  -MD /utf-8
  INCLUDES = -I"C:\Users\Carlos\source\repos\Contabilidad en C\build\vcpkg_installed\vcpkg\blds\libxlsxwriter\src\v1.2.4-916cd7d195.clean\include" -I"C:\Users\Carlos\source\repos\Contabilidad en C\build\vcpkg_installed\vcpkg\blds\libxlsxwriter\src\v1.2.4-916cd7d195.clean\include\xlsxwriter" -external:I"C:\Users\Carlos\source\repos\Contabilidad en C\build\vcpkg_installed\x64-windows\include" -external:I"C:\Users\Carlos\source\repos\Contabilidad en C\build\vcpkg_installed\x64-windows\include\minizip" -external:W0
  OBJECT_DIR = CMakeFiles\xlsxwriter.dir
  OBJECT_FILE_DIR = CMakeFiles\xlsxwriter.dir\src
  TARGET_COMPILE_PDB = CMakeFiles\xlsxwriter.dir\
  TARGET_PDB = xlsxwriter.pdb

build CMakeFiles\xlsxwriter.dir\src\xmlwriter.c.obj: C_COMPILER__xlsxwriter_unscanned_Release C$:\Users\Carlos\source\repos\Contabilidad$ en$ C\build\vcpkg_installed\vcpkg\blds\libxlsxwriter\src\v1.2.4-916cd7d195.clean\src\xmlwriter.c || cmake_object_order_depends_target_xlsxwriter
  DEFINES = -DNOCRYPT -DNOUNCRYPT -DUSE_SYSTEM_MINIZIP -D_CRT_SECURE_NO_WARNINGS -Dxlsxwriter_EXPORTS
  FLAGS = /nologo /DWIN32 /D_WINDOWS /utf-8 /MP  /MD /O2 /Oi /Gy /DNDEBUG /Z7  -MD /utf-8
  INCLUDES = -I"C:\Users\Carlos\source\repos\Contabilidad en C\build\vcpkg_installed\vcpkg\blds\libxlsxwriter\src\v1.2.4-916cd7d195.clean\include" -I"C:\Users\Carlos\source\repos\Contabilidad en C\build\vcpkg_installed\vcpkg\blds\libxlsxwriter\src\v1.2.4-916cd7d195.clean\include\xlsxwriter" -external:I"C:\Users\Carlos\source\repos\Contabilidad en C\build\vcpkg_installed\x64-windows\include" -external:I"C:\Users\Carlos\source\repos\Contabilidad en C\build\vcpkg_installed\x64-windows\include\minizip" -external:W0
  OBJECT_DIR = CMakeFiles\xlsxwriter.dir
  OBJECT_FILE_DIR = CMakeFiles\xlsxwriter.dir\src
  TARGET_COMPILE_PDB = CMakeFiles\xlsxwriter.dir\
  TARGET_PDB = xlsxwriter.pdb

build CMakeFiles\xlsxwriter.dir\third_party\tmpfileplus\tmpfileplus.c.obj: C_COMPILER__xlsxwriter_unscanned_Release C$:\Users\Carlos\source\repos\Contabilidad$ en$ C\build\vcpkg_installed\vcpkg\blds\libxlsxwriter\src\v1.2.4-916cd7d195.clean\third_party\tmpfileplus\tmpfileplus.c || cmake_object_order_depends_target_xlsxwriter
  DEFINES = -DNOCRYPT -DNOUNCRYPT -DUSE_SYSTEM_MINIZIP -D_CRT_SECURE_NO_WARNINGS -Dxlsxwriter_EXPORTS
  FLAGS = /nologo /DWIN32 /D_WINDOWS /utf-8 /MP  /MD /O2 /Oi /Gy /DNDEBUG /Z7  -MD /utf-8
  INCLUDES = -I"C:\Users\Carlos\source\repos\Contabilidad en C\build\vcpkg_installed\vcpkg\blds\libxlsxwriter\src\v1.2.4-916cd7d195.clean\include" -I"C:\Users\Carlos\source\repos\Contabilidad en C\build\vcpkg_installed\vcpkg\blds\libxlsxwriter\src\v1.2.4-916cd7d195.clean\include\xlsxwriter" -external:I"C:\Users\Carlos\source\repos\Contabilidad en C\build\vcpkg_installed\x64-windows\include" -external:I"C:\Users\Carlos\source\repos\Contabilidad en C\build\vcpkg_installed\x64-windows\include\minizip" -external:W0
  OBJECT_DIR = CMakeFiles\xlsxwriter.dir
  OBJECT_FILE_DIR = CMakeFiles\xlsxwriter.dir\third_party\tmpfileplus
  TARGET_COMPILE_PDB = CMakeFiles\xlsxwriter.dir\
  TARGET_PDB = xlsxwriter.pdb

build CMakeFiles\xlsxwriter.dir\third_party\md5\md5.c.obj: C_COMPILER__xlsxwriter_unscanned_Release C$:\Users\Carlos\source\repos\Contabilidad$ en$ C\build\vcpkg_installed\vcpkg\blds\libxlsxwriter\src\v1.2.4-916cd7d195.clean\third_party\md5\md5.c || cmake_object_order_depends_target_xlsxwriter
  DEFINES = -DNOCRYPT -DNOUNCRYPT -DUSE_SYSTEM_MINIZIP -D_CRT_SECURE_NO_WARNINGS -Dxlsxwriter_EXPORTS
  FLAGS = /nologo /DWIN32 /D_WINDOWS /utf-8 /MP  /MD /O2 /Oi /Gy /DNDEBUG /Z7  -MD /utf-8
  INCLUDES = -I"C:\Users\Carlos\source\repos\Contabilidad en C\build\vcpkg_installed\vcpkg\blds\libxlsxwriter\src\v1.2.4-916cd7d195.clean\include" -I"C:\Users\Carlos\source\repos\Contabilidad en C\build\vcpkg_installed\vcpkg\blds\libxlsxwriter\src\v1.2.4-916cd7d195.clean\include\xlsxwriter" -external:I"C:\Users\Carlos\source\repos\Contabilidad en C\build\vcpkg_installed\x64-windows\include" -external:I"C:\Users\Carlos\source\repos\Contabilidad en C\build\vcpkg_installed\x64-windows\include\minizip" -external:W0
  OBJECT_DIR = CMakeFiles\xlsxwriter.dir
  OBJECT_FILE_DIR = CMakeFiles\xlsxwriter.dir\third_party\md5
  TARGET_COMPILE_PDB = CMakeFiles\xlsxwriter.dir\
  TARGET_PDB = xlsxwriter.pdb


# =============================================================================
# Link build statements for SHARED_LIBRARY target xlsxwriter


#############################################
# Link the shared library xlsxwriter.dll

build xlsxwriter.dll xlsxwriter.lib: C_SHARED_LIBRARY_LINKER__xlsxwriter_Release CMakeFiles\xlsxwriter.dir\src\app.c.obj CMakeFiles\xlsxwriter.dir\src\chart.c.obj CMakeFiles\xlsxwriter.dir\src\chartsheet.c.obj CMakeFiles\xlsxwriter.dir\src\comment.c.obj CMakeFiles\xlsxwriter.dir\src\content_types.c.obj CMakeFiles\xlsxwriter.dir\src\core.c.obj CMakeFiles\xlsxwriter.dir\src\custom.c.obj CMakeFiles\xlsxwriter.dir\src\drawing.c.obj CMakeFiles\xlsxwriter.dir\src\format.c.obj CMakeFiles\xlsxwriter.dir\src\hash_table.c.obj CMakeFiles\xlsxwriter.dir\src\metadata.c.obj CMakeFiles\xlsxwriter.dir\src\packager.c.obj CMakeFiles\xlsxwriter.dir\src\relationships.c.obj CMakeFiles\xlsxwriter.dir\src\rich_value.c.obj CMakeFiles\xlsxwriter.dir\src\rich_value_rel.c.obj CMakeFiles\xlsxwriter.dir\src\rich_value_structure.c.obj CMakeFiles\xlsxwriter.dir\src\rich_value_types.c.obj CMakeFiles\xlsxwriter.dir\src\shared_strings.c.obj CMakeFiles\xlsxwriter.dir\src\styles.c.obj CMakeFiles\xlsxwriter.dir\src\table.c.obj CMakeFiles\xlsxwriter.dir\src\theme.c.obj CMakeFiles\xlsxwriter.dir\src\utility.c.obj CMakeFiles\xlsxwriter.dir\src\vml.c.obj CMakeFiles\xlsxwriter.dir\src\workbook.c.obj CMakeFiles\xlsxwriter.dir\src\worksheet.c.obj CMakeFiles\xlsxwriter.dir\src\xmlwriter.c.obj CMakeFiles\xlsxwriter.dir\third_party\tmpfileplus\tmpfileplus.c.obj CMakeFiles\xlsxwriter.dir\third_party\md5\md5.c.obj | C$:\Users\Carlos\source\repos\Contabilidad$ en$ C\build\vcpkg_installed\x64-windows\lib\zlib.lib C$:\Users\Carlos\source\repos\Contabilidad$ en$ C\build\vcpkg_installed\x64-windows\lib\minizip.lib C$:\Users\Carlos\source\repos\Contabilidad$ en$ C\build\vcpkg_installed\x64-windows\lib\zlib.lib
  LANGUAGE_COMPILE_FLAGS = /nologo /DWIN32 /D_WINDOWS /utf-8 /MP  /MD /O2 /Oi /Gy /DNDEBUG /Z7  -MD
  LINK_FLAGS = /machine:x64 /nologo /DEBUG /INCREMENTAL:NO /OPT:REF /OPT:ICF    /DEF:CMakeFiles\xlsxwriter.dir\.\exports.def
  LINK_LIBRARIES = "C:\Users\Carlos\source\repos\Contabilidad en C\build\vcpkg_installed\x64-windows\lib\zlib.lib"  "C:\Users\Carlos\source\repos\Contabilidad en C\build\vcpkg_installed\x64-windows\lib\minizip.lib"  "C:\Users\Carlos\source\repos\Contabilidad en C\build\vcpkg_installed\x64-windows\lib\zlib.lib"  kernel32.lib user32.lib gdi32.lib winspool.lib shell32.lib ole32.lib oleaut32.lib uuid.lib comdlg32.lib advapi32.lib
  OBJECT_DIR = CMakeFiles\xlsxwriter.dir
  POST_BUILD = cd .
  PRE_LINK = C:\WINDOWS\system32\cmd.exe /C "C:\Users\Carlos\AppData\Local\vcpkg\downloads\tools\cmake-3.31.10-windows\cmake-3.31.10-windows-x86_64\bin\cmake.exe -E __create_def "C:\Users\Carlos\source\repos\Contabilidad en C\build\vcpkg_installed\vcpkg\blds\libxlsxwriter\x64-windows-rel\CMakeFiles\xlsxwriter.dir\.\exports.def" "C:\Users\Carlos\source\repos\Contabilidad en C\build\vcpkg_installed\vcpkg\blds\libxlsxwriter\x64-windows-rel\CMakeFiles\xlsxwriter.dir\.\exports.def.objs" && cd "C:\Users\Carlos\source\repos\Contabilidad en C\build\vcpkg_installed\vcpkg\blds\libxlsxwriter\x64-windows-rel""
  RESTAT = 1
  TARGET_COMPILE_PDB = CMakeFiles\xlsxwriter.dir\
  TARGET_FILE = xlsxwriter.dll
  TARGET_IMPLIB = xlsxwriter.lib
  TARGET_PDB = xlsxwriter.pdb


#############################################
# Utility command for test

build CMakeFiles\test.util: CUSTOM_COMMAND
  COMMAND = C:\WINDOWS\system32\cmd.exe /C "cd /D "C:\Users\Carlos\source\repos\Contabilidad en C\build\vcpkg_installed\vcpkg\blds\libxlsxwriter\x64-windows-rel" && C:\Users\Carlos\AppData\Local\vcpkg\downloads\tools\cmake-3.31.10-windows\cmake-3.31.10-windows-x86_64\bin\ctest.exe --force-new-ctest-process "
  DESC = Running tests...
  pool = console
  restat = 1

build test: phony CMakeFiles\test.util


#############################################
# Utility command for edit_cache

build CMakeFiles\edit_cache.util: CUSTOM_COMMAND
  COMMAND = C:\WINDOWS\system32\cmd.exe /C "cd /D "C:\Users\Carlos\source\repos\Contabilidad en C\build\vcpkg_installed\vcpkg\blds\libxlsxwriter\x64-windows-rel" && C:\Users\Carlos\AppData\Local\vcpkg\downloads\tools\cmake-3.31.10-windows\cmake-3.31.10-windows-x86_64\bin\cmake-gui.exe -S"C:\Users\Carlos\source\repos\Contabilidad en C\build\vcpkg_installed\vcpkg\blds\libxlsxwriter\src\v1.2.4-916cd7d195.clean" -B"C:\Users\Carlos\source\repos\Contabilidad en C\build\vcpkg_installed\vcpkg\blds\libxlsxwriter\x64-windows-rel""
  DESC = Running CMake cache editor...
  pool = console
  restat = 1

build edit_cache: phony CMakeFiles\edit_cache.util


#############################################
# Utility command for rebuild_cache

build CMakeFiles\rebuild_cache.util: CUSTOM_COMMAND
  COMMAND = C:\WINDOWS\system32\cmd.exe /C "cd /D "C:\Users\Carlos\source\repos\Contabilidad en C\build\vcpkg_installed\vcpkg\blds\libxlsxwriter\x64-windows-rel" && C:\Users\Carlos\AppData\Local\vcpkg\downloads\tools\cmake-3.31.10-windows\cmake-3.31.10-windows-x86_64\bin\cmake.exe --regenerate-during-build -S"C:\Users\Carlos\source\repos\Contabilidad en C\build\vcpkg_installed\vcpkg\blds\libxlsxwriter\src\v1.2.4-916cd7d195.clean" -B"C:\Users\Carlos\source\repos\Contabilidad en C\build\vcpkg_installed\vcpkg\blds\libxlsxwriter\x64-windows-rel""
  DESC = Running CMake to regenerate build system...
  pool = console
  restat = 1

build rebuild_cache: phony CMakeFiles\rebuild_cache.util


#############################################
# Utility command for list_install_components

build list_install_components: phony


#############################################
# Utility command for install

build CMakeFiles\install.util: CUSTOM_COMMAND all
  COMMAND = C:\WINDOWS\system32\cmd.exe /C "cd /D "C:\Users\Carlos\source\repos\Contabilidad en C\build\vcpkg_installed\vcpkg\blds\libxlsxwriter\x64-windows-rel" && C:\Users\Carlos\AppData\Local\vcpkg\downloads\tools\cmake-3.31.10-windows\cmake-3.31.10-windows-x86_64\bin\cmake.exe -P cmake_install.cmake"
  DESC = Install the project...
  pool = console
  restat = 1

build install: phony CMakeFiles\install.util


#############################################
# Utility command for install/local

build CMakeFiles\install\local.util: CUSTOM_COMMAND all
  COMMAND = C:\WINDOWS\system32\cmd.exe /C "cd /D "C:\Users\Carlos\source\repos\Contabilidad en C\build\vcpkg_installed\vcpkg\blds\libxlsxwriter\x64-windows-rel" && C:\Users\Carlos\AppData\Local\vcpkg\downloads\tools\cmake-3.31.10-windows\cmake-3.31.10-windows-x86_64\bin\cmake.exe -DCMAKE_INSTALL_LOCAL_ONLY=1 -P cmake_install.cmake"
  DESC = Installing only the local directory...
  pool = console
  restat = 1

build install\local: phony CMakeFiles\install\local.util

# =============================================================================
# Target aliases.

build xlsxwriter: phony xlsxwriter.dll

# =============================================================================
# Folder targets.

# =============================================================================

#############################################
# Folder: C:/Users/Carlos/source/repos/Contabilidad en C/build/vcpkg_installed/vcpkg/blds/libxlsxwriter/x64-windows-rel

build all: phony xlsxwriter.dll

# =============================================================================
# Built-in targets


#############################################
# Re-run CMake if any of its inputs changed.

build build.ninja: RERUN_CMAKE | C$:\Program$ Files\Microsoft$ Visual$ Studio\18\Community\VC\vcpkg\scripts\buildsystems\vcpkg.cmake C$:\Program$ Files\Microsoft$ Visual$ Studio\18\Community\VC\vcpkg\scripts\toolchains\windows.cmake C$:\Users\Carlos\AppData\Local\vcpkg\downloads\tools\cmake-3.31.10-windows\cmake-3.31.10-windows-x86_64\share\cmake-3.31\Modules\CMakeCCompiler.cmake.in C$:\Users\Carlos\AppData\Local\vcpkg\downloads\tools\cmake-3.31.10-windows\cmake-3.31.10-windows-x86_64\share\cmake-3.31\Modules\CMakeCCompilerABI.c C$:\Users\Carlos\AppData\Local\vcpkg\downloads\tools\cmake-3.31.10-windows\cmake-3.31.10-windows-x86_64\share\cmake-3.31\Modules\CMakeCInformation.cmake C$:\Users\Carlos\AppData\Local\vcpkg\downloads\tools\cmake-3.31.10-windows\cmake-3.31.10-windows-x86_64\share\cmake-3.31\Modules\CMakeCXXCompiler.cmake.in C$:\Users\Carlos\AppData\Local\vcpkg\downloads\tools\cmake-3.31.10-windows\cmake-3.31.10-windows-x86_64\share\cmake-3.31\Modules\CMakeCXXCompilerABI.cpp C$:\Users\Carlos\AppData\Local\vcpkg\downloads\tools\cmake-3.31.10-windows\cmake-3.31.10-windows-x86_64\share\cmake-3.31\Modules\CMakeCXXInformation.cmake C$:\Users\Carlos\AppData\Local\vcpkg\downloads\tools\cmake-3.31.10-windows\cmake-3.31.10-windows-x86_64\share\cmake-3.31\Modules\CMakeCommonLanguageInclude.cmake C$:\Users\Carlos\AppData\Local\vcpkg\downloads\tools\cmake-3.31.10-windows\cmake-3.31.10-windows-x86_64\share\cmake-3.31\Modules\CMakeCompilerIdDetection.cmake C$:\Users\Carlos\AppData\Local\vcpkg\downloads\tools\cmake-3.31.10-windows\cmake-3.31.10-windows-x86_64\share\cmake-3.31\Modules\CMakeDependentOption.cmake C$:\Users\Carlos\AppData\Local\vcpkg\downloads\tools\cmake-3.31.10-windows\cmake-3.31.10-windows-x86_64\share\cmake-3.31\Modules\CMakeDetermineCCompiler.cmake C$:\Users\Carlos\AppData\Local\vcpkg\downloads\tools\cmake-3.31.10-windows\cmake-3.31.10-windows-x86_64\share\cmake-3.31\Modules\CMakeDetermineCXXCompiler.cmake C$:\Users\Carlos\AppData\Local\vcpkg\downloads\tools\cmake-3.31.10-windows\cmake-3.31.10-windows-x86_64\share\cmake-3.31\Modules\CMakeDetermineCompiler.cmake C$:\Users\Carlos\AppData\Local\vcpkg\downloads\tools\cmake-3.31.10-windows\cmake-3.31.10-windows-x86_64\share\cmake-3.31\Modules\CMakeDetermineCompilerABI.cmake C$:\Users\Carlos\AppData\Local\vcpkg\downloads\tools\cmake-3.31.10-windows\cmake-3.31.10-windows-x86_64\share\cmake-3.31\Modules\CMakeDetermineCompilerId.cmake C$:\Users\Carlos\AppData\Local\vcpkg\downloads\tools\cmake-3.31.10-windows\cmake-3.31.10-windows-x86_64\share\cmake-3.31\Modules\CMakeDetermineCompilerSupport.cmake C$:\Users\Carlos\AppData\Local\vcpkg\downloads\tools\cmake-3.31.10-windows\cmake-3.31.10-windows-x86_64\share\cmake-3.31\Modules\CMakeDetermineRCCompiler.cmake C$:\Users\Carlos\AppData\Local\vcpkg\downloads\tools\cmake-3.31.10-windows\cmake-3.31.10-windows-x86_64\share\cmake-3.31\Modules\CMakeDetermineSystem.cmake C$:\Users\Carlos\AppData\Local\vcpkg\downloads\tools\cmake-3.31.10-windows\cmake-3.31.10-windows-x86_64\share\cmake-3.31\Modules\CMakeFindBinUtils.cmake C$:\Users\Carlos\AppData\Local\vcpkg\downloads\tools\cmake-3.31.10-windows\cmake-3.31.10-windows-x86_64\share\cmake-3.31\Modules\CMakeFindDependencyMacro.cmake C$:\Users\Carlos\AppData\Local\vcpkg\downloads\tools\cmake-3.31.10-windows\cmake-3.31.10-windows-x86_64\share\cmake-3.31\Modules\CMakeGenericSystem.cmake C$:\Users\Carlos\AppData\Local\vcpkg\downloads\tools\cmake-3.31.10-windows\cmake-3.31.10-windows-x86_64\share\cmake-3.31\Modules\CMakeInitializeConfigs.cmake C$:\Users\Carlos\AppData\Local\vcpkg\downloads\tools\cmake-3.31.10-windows\cmake-3.31.10-windows-x86_64\share\cmake-3.31\Modules\CMakeLanguageInformation.cmake C$:\Users\Carlos\AppData\Local\vcpkg\downloads\tools\cmake-3.31.10-windows\cmake-3.31.10-windows-x86_64\share\cmake-3.31\Modules\CMakeParseImplicitIncludeInfo.cmake C$:\Users\Carlos\AppData\Local\vcpkg\downloads\tools\cmake-3.31.10-windows\cmake-3.31.10-windows-x86_64\share\cmake-3.31\Modules\CMakeParseImplicitLinkInfo.cmake C$:\Users\Carlos\AppData\Local\vcpkg\downloads\tools\cmake-3.31.10-windows\cmake-3.31.10-windows-x86_64\share\cmake-3.31\Modules\CMakeParseLibraryArchitecture.cmake C$:\Users\Carlos\AppData\Local\vcpkg\downloads\tools\cmake-3.31.10-windows\cmake-3.31.10-windows-x86_64\share\cmake-3.31\Modules\CMakeRCCompiler.cmake.in C$:\Users\Carlos\AppData\Local\vcpkg\downloads\tools\cmake-3.31.10-windows\cmake-3.31.10-windows-x86_64\share\cmake-3.31\Modules\CMakeRCInformation.cmake C$:\Users\Carlos\AppData\Local\vcpkg\downloads\tools\cmake-3.31.10-windows\cmake-3.31.10-windows-x86_64\share\cmake-3.31\Modules\CMakeSystem.cmake.in C$:\Users\Carlos\AppData\Local\vcpkg\downloads\tools\cmake-3.31.10-windows\cmake-3.31.10-windows-x86_64\share\cmake-3.31\Modules\CMakeSystemSpecificInformation.cmake C$:\Users\Carlos\AppData\Local\vcpkg\downloads\tools\cmake-3.31.10-windows\cmake-3.31.10-windows-x86_64\share\cmake-3.31\Modules\CMakeSystemSpecificInitialize.cmake C$:\Users\Carlos\AppData\Local\vcpkg\downloads\tools\cmake-3.31.10-windows\cmake-3.31.10-windows-x86_64\share\cmake-3.31\Modules\CMakeTestCCompiler.cmake C$:\Users\Carlos\AppData\Local\vcpkg\downloads\tools\cmake-3.31.10-windows\cmake-3.31.10-windows-x86_64\share\cmake-3.31\Modules\CMakeTestCXXCompiler.cmake C$:\Users\Carlos\AppData\Local\vcpkg\downloads\tools\cmake-3.31.10-windows\cmake-3.31.10-windows-x86_64\share\cmake-3.31\Modules\CMakeTestCompilerCommon.cmake C$:\Users\Carlos\AppData\Local\vcpkg\downloads\tools\cmake-3.31.10-windows\cmake-3.31.10-windows-x86_64\share\cmake-3.31\Modules\CMakeTestRCCompiler.cmake C$:\Users\Carlos\AppData\Local\vcpkg\downloads\tools\cmake-3.31.10-windows\cmake-3.31.10-windows-x86_64\share\cmake-3.31\Modules\CheckIncludeFile.cmake C$:\Users\Carlos\AppData\Local\vcpkg\downloads\tools\cmake-3.31.10-windows\cmake-3.31.10-windows-x86_64\share\cmake-3.31\Modules\CheckIncludeFileCXX.cmake C$:\Users\Carlos\AppData\Local\vcpkg\downloads\tools\cmake-3.31.10-windows\cmake-3.31.10-windows-x86_64\share\cmake-3.31\Modules\CheckTypeSize.cmake C$:\Users\Carlos\AppData\Local\vcpkg\downloads\tools\cmake-3.31.10-windows\cmake-3.31.10-windows-x86_64\share\cmake-3.31\Modules\Compiler\ADSP-DetermineCompiler.cmake C$:\Users\Carlos\AppData\Local\vcpkg\downloads\tools\cmake-3.31.10-windows\cmake-3.31.10-windows-x86_64\share\cmake-3.31\Modules\Compiler\ARMCC-DetermineCompiler.cmake C$:\Users\Carlos\AppData\Local\vcpkg\downloads\tools\cmake-3.31.10-windows\cmake-3.31.10-windows-x86_64\share\cmake-3.31\Modules\Compiler\ARMClang-DetermineCompiler.cmake C$:\Users\Carlos\AppData\Local\vcpkg\downloads\tools\cmake-3.31.10-windows\cmake-3.31.10-windows-x86_64\share\cmake-3.31\Modules\Compiler\AppleClang-DetermineCompiler.cmake C$:\Users\Carlos\AppData\Local\vcpkg\downloads\tools\cmake-3.31.10-windows\cmake-3.31.10-windows-x86_64\share\cmake-3.31\Modules\Compiler\Borland-DetermineCompiler.cmake C$:\Users\Carlos\AppData\Local\vcpkg\downloads\tools\cmake-3.31.10-windows\cmake-3.31.10-windows-x86_64\share\cmake-3.31\Modules\Compiler\Bruce-C-DetermineCompiler.cmake C$:\Users\Carlos\AppData\Local\vcpkg\downloads\tools\cmake-3.31.10-windows\cmake-3.31.10-windows-x86_64\share\cmake-3.31\Modules\Compiler\CMakeCommonCompilerMacros.cmake C$:\Users\Carlos\AppData\Local\vcpkg\downloads\tools\cmake-3.31.10-windows\cmake-3.31.10-windows-x86_64\share\cmake-3.31\Modules\Compiler\Clang-DetermineCompiler.cmake C$:\Users\Carlos\AppData\Local\vcpkg\downloads\tools\cmake-3.31.10-windows\cmake-3.31.10-windows-x86_64\share\cmake-3.31\Modules\Compiler\Clang-DetermineCompilerInternal.cmake C$:\Users\Carlos\AppData\Local\vcpkg\downloads\tools\cmake-3.31.10-windows\cmake-3.31.10-windows-x86_64\share\cmake-3.31\Modules\Compiler\Compaq-C-DetermineCompiler.cmake C$:\Users\Carlos\AppData\Local\vcpkg\downloads\tools\cmake-3.31.10-windows\cmake-3.31.10-windows-x86_64\share\cmake-3.31\Modules\Compiler\Compaq-CXX-DetermineCompiler.cmake C$:\Users\Carlos\AppData\Local\vcpkg\downloads\tools\cmake-3.31.10-windows\cmake-3.31.10-windows-x86_64\share\cmake-3.31\Modules\Compiler\Cray-DetermineCompiler.cmake C$:\Users\Carlos\AppData\Local\vcpkg\downloads\tools\cmake-3.31.10-windows\cmake-3.31.10-windows-x86_64\share\cmake-3.31\Modules\Compiler\CrayClang-DetermineCompiler.cmake C$:\Users\Carlos\AppData\Local\vcpkg\downloads\tools\cmake-3.31.10-windows\cmake-3.31.10-windows-x86_64\share\cmake-3.31\Modules\Compiler\Embarcadero-DetermineCompiler.cmake C$:\Users\Carlos\AppData\Local\vcpkg\downloads\tools\cmake-3.31.10-windows\cmake-3.31.10-windows-x86_64\share\cmake-3.31\Modules\Compiler\Fujitsu-DetermineCompiler.cmake C$:\Users\Carlos\AppData\Local\vcpkg\downloads\tools\cmake-3.31.10-windows\cmake-3.31.10-windows-x86_64\share\cmake-3.31\Modules\Compiler\FujitsuClang-DetermineCompiler.cmake C$:\Users\Carlos\AppData\Local\vcpkg\downloads\tools\cmake-3.31.10-windows\cmake-3.31.10-windows-x86_64\share\cmake-3.31\Modules\Compiler\GHS-DetermineCompiler.cmake C$:\Users\Carlos\AppData\Local\vcpkg\downloads\tools\cmake-3.31.10-windows\cmake-3.31.10-windows-x86_64\share\cmake-3.31\Modules\Compiler\GNU-C-DetermineCompiler.cmake C$:\Users\Carlos\AppData\Local\vcpkg\downloads\tools\cmake-3.31.10-windows\cmake-3.31.10-windows-x86_64\share\cmake-3.31\Modules\Compiler\GNU-CXX-DetermineCompiler.cmake C$:\Users\Carlos\AppData\Local\vcpkg\downloads\tools\cmake-3.31.10-windows\cmake-3.31.10-windows-x86_64\share\cmake-3.31\Modules\Compiler\HP-C-DetermineCompiler.cmake C$:\Users\Carlos\AppData\Local\vcpkg\downloads\tools\cmake-3.31.10-windows\cmake-3.31.10-windows-x86_64\share\cmake-3.31\Modules\Compiler\HP-CXX-DetermineCompiler.cmake C$:\Users\Carlos\AppData\Local\vcpkg\downloads\tools\cmake-3.31.10-windows\cmake-3.31.10-windows-x86_64\share\cmake-3.31\Modules\Compiler\IAR-DetermineCompiler.cmake C$:\Users\Carlos\AppData\Local\vcpkg\downloads\tools\cmake-3.31.10-windows\cmake-3.31.10-windows-x86_64\share\cmake-3.31\Modules\Compiler\IBMCPP-C-DetermineVersionInternal.cmake C$:\Users\Carlos\AppData\Local\vcpkg\downloads\tools\cmake-3.31.10-windows\cmake-3.31.10-windows-x86_64\share\cmake-3.31\Modules\Compiler\IBMCPP-CXX-DetermineVersionInternal.cmake C$:\Users\Carlos\AppData\Local\vcpkg\downloads\tools\cmake-3.31.10-windows\cmake-3.31.10-windows-x86_64\share\cmake-3.31\Modules\Compiler\IBMClang-C-DetermineCompiler.cmake C$:\Users\Carlos\AppData\Local\vcpkg\downloads\tools\cmake-3.31.10-windows\cmake-3.31.10-windows-x86_64\share\cmake-3.31\Modules\Compiler\IBMClang-CXX-DetermineCompiler.cmake C$:\Users\Carlos\AppData\Local\vcpkg\downloads\tools\cmake-3.31.10-windows\cmake-3.31.10-windows-x86_64\share\cmake-3.31\Modules\Compiler\Intel-DetermineCompiler.cmake C$:\Users\Carlos\AppData\Local\vcpkg\downloads\tools\cmake-3.31.10-windows\cmake-3.31.10-windows-x86_64\share\cmake-3.31\Modules\Compiler\IntelLLVM-DetermineCompiler.cmake C$:\Users\Carlos\AppData\Local\vcpkg\downloads\tools\cmake-3.31.10-windows\cmake-3.31.10-windows-x86_64\share\cmake-3.31\Modules\Compiler\LCC-C-DetermineCompiler.cmake C$:\Users\Carlos\AppData\Local\vcpkg\downloads\tools\cmake-3.31.10-windows\cmake-3.31.10-windows-x86_64\share\cmake-3.31\Modules\Compiler\LCC-CXX-DetermineCompiler.cmake C$:\Users\Carlos\AppData\Local\vcpkg\downloads\tools\cmake-3.31.10-windows\cmake-3.31.10-windows-x86_64\share\cmake-3.31\Modules\Compiler\MSVC-C.cmake C$:\Users\Carlos\AppData\Local\vcpkg\downloads\tools\cmake-3.31.10-windows\cmake-3.31.10-windows-x86_64\share\cmake-3.31\Modules\Compiler\MSVC-CXX-CXXImportStd.cmake C$:\Users\Carlos\AppData\Local\vcpkg\downloads\tools\cmake-3.31.10-windows\cmake-3.31.10-windows-x86_64\share\cmake-3.31\Modules\Compiler\MSVC-CXX.cmake C$:\Users\Carlos\AppData\Local\vcpkg\downloads\tools\cmake-3.31.10-windows\cmake-3.31.10-windows-x86_64\share\cmake-3.31\Modules\Compiler\MSVC-DetermineCompiler.cmake C$:\Users\Carlos\AppData\Local\vcpkg\downloads\tools\cmake-3.31.10-windows\cmake-3.31.10-windows-x86_64\share\cmake-3.31\Modules\Compiler\MSVC.cmake C$:\Users\Carlos\AppData\Local\vcpkg\downloads\tools\cmake-3.31.10-windows\cmake-3.31.10-windows-x86_64\share\cmake-3.31\Modules\Compiler\NVHPC-DetermineCompiler.cmake C$:\Users\Carlos\AppData\Local\vcpkg\downloads\tools\cmake-3.31.10-windows\cmake-3.31.10-windows-x86_64\share\cmake-3.31\Modules\Compiler\NVIDIA-DetermineCompiler.cmake C$:\Users\Carlos\AppData\Local\vcpkg\downloads\tools\cmake-3.31.10-windows\cmake-3.31.10-windows-x86_64\share\cmake-3.31\Modules\Compiler\OpenWatcom-DetermineCompiler.cmake C$:\Users\Carlos\AppData\Local\vcpkg\downloads\tools\cmake-3.31.10-windows\cmake-3.31.10-windows-x86_64\share\cmake-3.31\Modules\Compiler\OrangeC-DetermineCompiler.cmake C$:\Users\Carlos\AppData\Local\vcpkg\downloads\tools\cmake-3.31.10-windows\cmake-3.31.10-windows-x86_64\share\cmake-3.31\Modules\Compiler\PGI-DetermineCompiler.cmake C$:\Users\Carlos\AppData\Local\vcpkg\downloads\tools\cmake-3.31.10-windows\cmake-3.31.10-windows-x86_64\share\cmake-3.31\Modules\Compiler\PathScale-DetermineCompiler.cmake C$:\Users\Carlos\AppData\Local\vcpkg\downloads\tools\cmake-3.31.10-windows\cmake-3.31.10-windows-x86_64\share\cmake-3.31\Modules\Compiler\SCO-DetermineCompiler.cmake C$:\Users\Carlos\AppData\Local\vcpkg\downloads\tools\cmake-3.31.10-windows\cmake-3.31.10-windows-x86_64\share\cmake-3.31\Modules\Compiler\SDCC-C-DetermineCompiler.cmake C$:\Users\Carlos\AppData\Local\vcpkg\downloads\tools\cmake-3.31.10-windows\cmake-3.31.10-windows-x86_64\share\cmake-3.31\Modules\Compiler\SunPro-C-DetermineCompiler.cmake C$:\Users\Carlos\AppData\Local\vcpkg\downloads\tools\cmake-3.31.10-windows\cmake-3.31.10-windows-x86_64\share\cmake-3.31\Modules\Compiler\SunPro-CXX-DetermineCompiler.cmake C$:\Users\Carlos\AppData\Local\vcpkg\downloads\tools\cmake-3.31.10-windows\cmake-3.31.10-windows-x86_64\share\cmake-3.31\Modules\Compiler\TI-DetermineCompiler.cmake C$:\Users\Carlos\AppData\Local\vcpkg\downloads\tools\cmake-3.31.10-windows\cmake-3.31.10-windows-x86_64\share\cmake-3.31\Modules\Compiler\TIClang-DetermineCompiler.cmake C$:\Users\Carlos\AppData\Local\vcpkg\downloads\tools\cmake-3.31.10-windows\cmake-3.31.10-windows-x86_64\share\cmake-3.31\Modules\Compiler\Tasking-DetermineCompiler.cmake C$:\Users\Carlos\AppData\Local\vcpkg\downloads\tools\cmake-3.31.10-windows\cmake-3.31.10-windows-x86_64\share\cmake-3.31\Modules\Compiler\TinyCC-C-DetermineCompiler.cmake C$:\Users\Carlos\AppData\Local\vcpkg\downloads\tools\cmake-3.31.10-windows\cmake-3.31.10-windows-x86_64\share\cmake-3.31\Modules\Compiler\VisualAge-C-DetermineCompiler.cmake C$:\Users\Carlos\AppData\Local\vcpkg\downloads\tools\cmake-3.31.10-windows\cmake-3.31.10-windows-x86_64\share\cmake-3.31\Modules\Compiler\VisualAge-CXX-DetermineCompiler.cmake C$:\Users\Carlos\AppData\Local\vcpkg\downloads\tools\cmake-3.31.10-windows\cmake-3.31.10-windows-x86_64\share\cmake-3.31\Modules\Compiler\Watcom-DetermineCompiler.cmake C$:\Users\Carlos\AppData\Local\vcpkg\downloads\tools\cmake-3.31.10-windows\cmake-3.31.10-windows-x86_64\share\cmake-3.31\Modules\Compiler\XL-C-DetermineCompiler.cmake C$:\Users\Carlos\AppData\Local\vcpkg\downloads\tools\cmake-3.31.10-windows\cmake-3.31.10-windows-x86_64\share\cmake-3.31\Modules\Compiler\XL-CXX-DetermineCompiler.cmake C$:\Users\Carlos\AppData\Local\vcpkg\downloads\tools\cmake-3.31.10-windows\cmake-3.31.10-windows-x86_64\share\cmake-3.31\Modules\Compiler\XLClang-C-DetermineCompiler.cmake C$:\Users\Carlos\AppData\Local\vcpkg\downloads\tools\cmake-3.31.10-windows\cmake-3.31.10-windows-x86_64\share\cmake-3.31\Modules\Compiler\XLClang-CXX-DetermineCompiler.cmake C$:\Users\Carlos\AppData\Local\vcpkg\downloads\tools\cmake-3.31.10-windows\cmake-3.31.10-windows-x86_64\share\cmake-3.31\Modules\Compiler\zOS-C-DetermineCompiler.cmake C$:\Users\Carlos\AppData\Local\vcpkg\downloads\tools\cmake-3.31.10-windows\cmake-3.31.10-windows-x86_64\share\cmake-3.31\Modules\Compiler\zOS-CXX-DetermineCompiler.cmake C$:\Users\Carlos\AppData\Local\vcpkg\downloads\tools\cmake-3.31.10-windows\cmake-3.31.10-windows-x86_64\share\cmake-3.31\Modules\FindPackageHandleStandardArgs.cmake C$:\Users\Carlos\AppData\Local\vcpkg\downloads\tools\cmake-3.31.10-windows\cmake-3.31.10-windows-x86_64\share\cmake-3.31\Modules\FindPackageMessage.cmake C$:\Users\Carlos\AppData\Local\vcpkg\downloads\tools\cmake-3.31.10-windows\cmake-3.31.10-windows-x86_64\share\cmake-3.31\Modules\FindZLIB.cmake C$:\Users\Carlos\AppData\Local\vcpkg\downloads\tools\cmake-3.31.10-windows\cmake-3.31.10-windows-x86_64\share\cmake-3.31\Modules\GNUInstallDirs.cmake C$:\Users\Carlos\AppData\Local\vcpkg\downloads\tools\cmake-3.31.10-windows\cmake-3.31.10-windows-x86_64\share\cmake-3.31\Modules\Internal\CMakeCLinkerInformation.cmake C$:\Users\Carlos\AppData\Local\vcpkg\downloads\tools\cmake-3.31.10-windows\cmake-3.31.10-windows-x86_64\share\cmake-3.31\Modules\Internal\CMakeCXXLinkerInformation.cmake C$:\Users\Carlos\AppData\Local\vcpkg\downloads\tools\cmake-3.31.10-windows\cmake-3.31.10-windows-x86_64\share\cmake-3.31\Modules\Internal\CMakeCommonLinkerInformation.cmake C$:\Users\Carlos\AppData\Local\vcpkg\downloads\tools\cmake-3.31.10-windows\cmake-3.31.10-windows-x86_64\share\cmake-3.31\Modules\Internal\CMakeDetermineLinkerId.cmake C$:\Users\Carlos\AppData\Local\vcpkg\downloads\tools\cmake-3.31.10-windows\cmake-3.31.10-windows-x86_64\share\cmake-3.31\Modules\Internal\CMakeInspectCLinker.cmake C$:\Users\Carlos\AppData\Local\vcpkg\downloads\tools\cmake-3.31.10-windows\cmake-3.31.10-windows-x86_64\share\cmake-3.31\Modules\Internal\CMakeInspectCXXLinker.cmake C$:\Users\Carlos\AppData\Local\vcpkg\downloads\tools\cmake-3.31.10-windows\cmake-3.31.10-windows-x86_64\share\cmake-3.31\Modules\Internal\FeatureTesting.cmake C$:\Users\Carlos\AppData\Local\vcpkg\downloads\tools\cmake-3.31.10-windows\cmake-3.31.10-windows-x86_64\share\cmake-3.31\Modules\Platform\Linker\Windows-MSVC-C.cmake C$:\Users\Carlos\AppData\Local\vcpkg\downloads\tools\cmake-3.31.10-windows\cmake-3.31.10-windows-x86_64\share\cmake-3.31\Modules\Platform\Linker\Windows-MSVC-CXX.cmake C$:\Users\Carlos\AppData\Local\vcpkg\downloads\tools\cmake-3.31.10-windows\cmake-3.31.10-windows-x86_64\share\cmake-3.31\Modules\Platform\Linker\Windows-MSVC.cmake C$:\Users\Carlos\AppData\Local\vcpkg\downloads\tools\cmake-3.31.10-windows\cmake-3.31.10-windows-x86_64\share\cmake-3.31\Modules\Platform\Windows-Determine-CXX.cmake C$:\Users\Carlos\AppData\Local\vcpkg\downloads\tools\cmake-3.31.10-windows\cmake-3.31.10-windows-x86_64\share\cmake-3.31\Modules\Platform\Windows-Initialize.cmake C$:\Users\Carlos\AppData\Local\vcpkg\downloads\tools\cmake-3.31.10-windows\cmake-3.31.10-windows-x86_64\share\cmake-3.31\Modules\Platform\Windows-MSVC-C.cmake C$:\Users\Carlos\AppData\Local\vcpkg\downloads\tools\cmake-3.31.10-windows\cmake-3.31.10-windows-x86_64\share\cmake-3.31\Modules\Platform\Windows-MSVC-CXX.cmake C$:\Users\Carlos\AppData\Local\vcpkg\downloads\tools\cmake-3.31.10-windows\cmake-3.31.10-windows-x86_64\share\cmake-3.31\Modules\Platform\Windows-MSVC.cmake C$:\Users\Carlos\AppData\Local\vcpkg\downloads\tools\cmake-3.31.10-windows\cmake-3.31.10-windows-x86_64\share\cmake-3.31\Modules\Platform\Windows.cmake C$:\Users\Carlos\AppData\Local\vcpkg\downloads\tools\cmake-3.31.10-windows\cmake-3.31.10-windows-x86_64\share\cmake-3.31\Modules\Platform\WindowsPaths.cmake C$:\Users\Carlos\AppData\Local\vcpkg\downloads\tools\cmake-3.31.10-windows\cmake-3.31.10-windows-x86_64\share\cmake-3.31\Modules\SelectLibraryConfigurations.cmake C$:\Users\Carlos\AppData\Local\vcpkg\downloads\tools\cmake-3.31.10-windows\cmake-3.31.10-windows-x86_64\share\cmake-3.31\Modules\TestBigEndian.cmake C$:\Users\Carlos\source\repos\Contabilidad$ en$ C\build\vcpkg_installed\vcpkg\blds\libxlsxwriter\src\v1.2.4-916cd7d195.clean\CMakeLists.txt C$:\Users\Carlos\source\repos\Contabilidad$ en$ C\build\vcpkg_installed\vcpkg\blds\libxlsxwriter\src\v1.2.4-916cd7d195.clean\dev\release\pkg-config.txt C$:\Users\Carlos\source\repos\Contabilidad$ en$ C\build\vcpkg_installed\x64-windows\share\unofficial-minizip\unofficial-minizipConfig.cmake C$:\Users\Carlos\source\repos\Contabilidad$ en$ C\build\vcpkg_installed\x64-windows\share\unofficial-minizip\unofficial-minizipConfigVersion.cmake C$:\Users\Carlos\source\repos\Contabilidad$ en$ C\build\vcpkg_installed\x64-windows\share\unofficial-minizip\unofficial-minizipTargets-debug.cmake C$:\Users\Carlos\source\repos\Contabilidad$ en$ C\build\vcpkg_installed\x64-windows\share\unofficial-minizip\unofficial-minizipTargets-release.cmake C$:\Users\Carlos\source\repos\Contabilidad$ en$ C\build\vcpkg_installed\x64-windows\share\unofficial-minizip\unofficial-minizipTargets.cmake C$:\Users\Carlos\source\repos\Contabilidad$ en$ C\build\vcpkg_installed\x64-windows\share\zlib\vcpkg-cmake-wrapper.cmake CMakeCache.txt CMakeFiles\3.31.10\CMakeCCompiler.cmake CMakeFiles\3.31.10\CMakeCXXCompiler.cmake CMakeFiles\3.31.10\CMakeRCCompiler.cmake CMakeFiles\3.31.10\CMakeSystem.cmake
  pool = console


#############################################
# A missing CMake input file is not an error.

build C$:\Program$ Files\Microsoft$ Visual$ Studio\18\Community\VC\vcpkg\scripts\buildsystems\vcpkg.cmake C$:\Program$ Files\Microsoft$ Visual$ Studio\18\Community\VC\vcpkg\scripts\toolchains\windows.cmake C$:\Users\Carlos\AppData\Local\vcpkg\downloads\tools\cmake-3.31.10-windows\cmake-3.31.10-windows-x86_64\share\cmake-3.31\Modules\CMakeCCompiler.cmake.in C$:\Users\Carlos\AppData\Local\vcpkg\downloads\tools\cmake-3.31.10-windows\cmake-3.31.10-windows-x86_64\share\cmake-3.31\Modules\CMakeCCompilerABI.c C$:\Users\Carlos\AppData\Local\vcpkg\downloads\tools\cmake-3.31.10-windows\cmake-3.31.10-windows-x86_64\share\cmake-3.31\Modules\CMakeCInformation.cmake C$:\Users\Carlos\AppData\Local\vcpkg\downloads\tools\cmake-3.31.10-windows\cmake-3.31.10-windows-x86_64\share\cmake-3.31\Modules\CMakeCXXCompiler.cmake.in C$:\Users\Carlos\AppData\Local\vcpkg\downloads\tools\cmake-3.31.10-windows\cmake-3.31.10-windows-x86_64\share\cmake-3.31\Modules\CMakeCXXCompilerABI.cpp C$:\Users\Carlos\AppData\Local\vcpkg\downloads\tools\cmake-3.31.10-windows\cmake-3.31.10-windows-x86_64\share\cmake-3.31\Modules\CMakeCXXInformation.cmake C$:\Users\Carlos\AppData\Local\vcpkg\downloads\tools\cmake-3.31.10-windows\cmake-3.31.10-windows-x86_64\share\cmake-3.31\Modules\CMakeCommonLanguageInclude.cmake C$:\Users\Carlos\AppData\Local\vcpkg\downloads\tools\cmake-3.31.10-windows\cmake-3.31.10-windows-x86_64\share\cmake-3.31\Modules\CMakeCompilerIdDetection.cmake C$:\Users\Carlos\AppData\Local\vcpkg\downloads\tools\cmake-3.31.10-windows\cmake-3.31.10-windows-x86_64\share\cmake-3.31\Modules\CMakeDependentOption.cmake C$:\Users\Carlos\AppData\Local\vcpkg\downloads\tools\cmake-3.31.10-windows\cmake-3.31.10-windows-x86_64\share\cmake-3.31\Modules\CMakeDetermineCCompiler.cmake C$:\Users\Carlos\AppData\Local\vcpkg\downloads\tools\cmake-3.31.10-windows\cmake-3.31.10-windows-x86_64\share\cmake-3.31\Modules\CMakeDetermineCXXCompiler.cmake C$:\Users\Carlos\AppData\Local\vcpkg\downloads\tools\cmake-3.31.10-windows\cmake-3.31.10-windows-x86_64\share\cmake-3.31\Modules\CMakeDetermineCompiler.cmake C$:\Users\Carlos\AppData\Local\vcpkg\downloads\tools\cmake-3.31.10-windows\cmake-3.31.10-windows-x86_64\share\cmake-3.31\Modules\CMakeDetermineCompilerABI.cmake C$:\Users\Carlos\AppData\Local\vcpkg\downloads\tools\cmake-3.31.10-windows\cmake-3.31.10-windows-x86_64\share\cmake-3.31\Modules\CMakeDetermineCompilerId.cmake C$:\Users\Carlos\AppData\Local\vcpkg\downloads\tools\cmake-3.31.10-windows\cmake-3.31.10-windows-x86_64\share\cmake-3.31\Modules\CMakeDetermineCompilerSupport.cmake C$:\Users\Carlos\AppData\Local\vcpkg\downloads\tools\cmake-3.31.10-windows\cmake-3.31.10-windows-x86_64\share\cmake-3.31\Modules\CMakeDetermineRCCompiler.cmake C$:\Users\Carlos\AppData\Local\vcpkg\downloads\tools\cmake-3.31.10-windows\cmake-3.31.10-windows-x86_64\share\cmake-3.31\Modules\CMakeDetermineSystem.cmake C$:\Users\Carlos\AppData\Local\vcpkg\downloads\tools\cmake-3.31.10-windows\cmake-3.31.10-windows-x86_64\share\cmake-3.31\Modules\CMakeFindBinUtils.cmake C$:\Users\Carlos\AppData\Local\vcpkg\downloads\tools\cmake-3.31.10-windows\cmake-3.31.10-windows-x86_64\share\cmake-3.31\Modules\CMakeFindDependencyMacro.cmake C$:\Users\Carlos\AppData\Local\vcpkg\downloads\tools\cmake-3.31.10-windows\cmake-3.31.10-windows-x86_64\share\cmake-3.31\Modules\CMakeGenericSystem.cmake C$:\Users\Carlos\AppData\Local\vcpkg\downloads\tools\cmake-3.31.10-windows\cmake-3.31.10-windows-x86_64\share\cmake-3.31\Modules\CMakeInitializeConfigs.cmake C$:\Users\Carlos\AppData\Local\vcpkg\downloads\tools\cmake-3.31.10-windows\cmake-3.31.10-windows-x86_64\share\cmake-3.31\Modules\CMakeLanguageInformation.cmake C$:\Users\Carlos\AppData\Local\vcpkg\downloads\tools\cmake-3.31.10-windows\cmake-3.31.10-windows-x86_64\share\cmake-3.31\Modules\CMakeParseImplicitIncludeInfo.cmake C$:\Users\Carlos\AppData\Local\vcpkg\downloads\tools\cmake-3.31.10-windows\cmake-3.31.10-windows-x86_64\share\cmake-3.31\Modules\CMakeParseImplicitLinkInfo.cmake C$:\Users\Carlos\AppData\Local\vcpkg\downloads\tools\cmake-3.31.10-windows\cmake-3.31.10-windows-x86_64\share\cmake-3.31\Modules\CMakeParseLibraryArchitecture.cmake C$:\Users\Carlos\AppData\Local\vcpkg\downloads\tools\cmake-3.31.10-windows\cmake-3.31.10-windows-x86_64\share\cmake-3.31\Modules\CMakeRCCompiler.cmake.in C$:\Users\Carlos\AppData\Local\vcpkg\downloads\tools\cmake-3.31.10-windows\cmake-3.31.10-windows-x86_64\share\cmake-3.31\Modules\CMakeRCInformation.cmake C$:\Users\Carlos\AppData\Local\vcpkg\downloads\tools\cmake-3.31.10-windows\cmake-3.31.10-windows-x86_64\share\cmake-3.31\Modules\CMakeSystem.cmake.in C$:\Users\Carlos\AppData\Local\vcpkg\downloads\tools\cmake-3.31.10-windows\cmake-3.31.10-windows-x86_64\share\cmake-3.31\Modules\CMakeSystemSpecificInformation.cmake C$:\Users\Carlos\AppData\Local\vcpkg\downloads\tools\cmake-3.31.10-windows\cmake-3.31.10-windows-x86_64\share\cmake-3.31\Modules\CMakeSystemSpecificInitialize.cmake C$:\Users\Carlos\AppData\Local\vcpkg\downloads\tools\cmake-3.31.10-windows\cmake-3.31.10-windows-x86_64\share\cmake-3.31\Modules\CMakeTestCCompiler.cmake C$:\Users\Carlos\AppData\Local\vcpkg\downloads\tools\cmake-3.31.10-windows\cmake-3.31.10-windows-x86_64\share\cmake-3.31\Modules\CMakeTestCXXCompiler.cmake C$:\Users\Carlos\AppData\Local\vcpkg\downloads\tools\cmake-3.31.10-windows\cmake-3.31.10-windows-x86_64\share\cmake-3.31\Modules\CMakeTestCompilerCommon.cmake C$:\Users\Carlos\AppData\Local\vcpkg\downloads\tools\cmake-3.31.10-windows\cmake-3.31.10-windows-x86_64\share\cmake-3.31\Modules\CMakeTestRCCompiler.cmake C$:\Users\Carlos\AppData\Local\vcpkg\downloads\tools\cmake-3.31.10-windows\cmake-3.31.10-windows-x86_64\share\cmake-3.31\Modules\CheckIncludeFile.cmake C$:\Users\Carlos\AppData\Local\vcpkg\downloads\tools\cmake-3.31.10-windows\cmake-3.31.10-windows-x86_64\share\cmake-3.31\Modules\CheckIncludeFileCXX.cmake C$:\Users\Carlos\AppData\Local\vcpkg\downloads\tools\cmake-3.31.10-windows\cmake-3.31.10-windows-x86_64\share\cmake-3.31\Modules\CheckTypeSize.cmake C$:\Users\Carlos\AppData\Local\vcpkg\downloads\tools\cmake-3.31.10-windows\cmake-3.31.10-windows-x86_64\share\cmake-3.31\Modules\Compiler\ADSP-DetermineCompiler.cmake C$:\Users\Carlos\AppData\Local\vcpkg\downloads\tools\cmake-3.31.10-windows\cmake-3.31.10-windows-x86_64\share\cmake-3.31\Modules\Compiler\ARMCC-DetermineCompiler.cmake C$:\Users\Carlos\AppData\Local\vcpkg\downloads\tools\cmake-3.31.10-windows\cmake-3.31.10-windows-x86_64\share\cmake-3.31\Modules\Compiler\ARMClang-DetermineCompiler.cmake C$:\Users\Carlos\AppData\Local\vcpkg\downloads\tools\cmake-3.31.10-windows\cmake-3.31.10-windows-x86_64\share\cmake-3.31\Modules\Compiler\AppleClang-DetermineCompiler.cmake C$:\Users\Carlos\AppData\Local\vcpkg\downloads\tools\cmake-3.31.10-windows\cmake-3.31.10-windows-x86_64\share\cmake-3.31\Modules\Compiler\Borland-DetermineCompiler.cmake C$:\Users\Carlos\AppData\Local\vcpkg\downloads\tools\cmake-3.31.10-windows\cmake-3.31.10-windows-x86_64\share\cmake-3.31\Modules\Compiler\Bruce-C-DetermineCompiler.cmake C$:\Users\Carlos\AppData\Local\vcpkg\downloads\tools\cmake-3.31.10-windows\cmake-3.31.10-windows-x86_64\share\cmake-3.31\Modules\Compiler\CMakeCommonCompilerMacros.cmake C$:\Users\Carlos\AppData\Local\vcpkg\downloads\tools\cmake-3.31.10-windows\cmake-3.31.10-windows-x86_64\share\cmake-3.31\Modules\Compiler\Clang-DetermineCompiler.cmake C$:\Users\Carlos\AppData\Local\vcpkg\downloads\tools\cmake-3.31.10-windows\cmake-3.31.10-windows-x86_64\share\cmake-3.31\Modules\Compiler\Clang-DetermineCompilerInternal.cmake C$:\Users\Carlos\AppData\Local\vcpkg\downloads\tools\cmake-3.31.10-windows\cmake-3.31.10-windows-x86_64\share\cmake-3.31\Modules\Compiler\Compaq-C-DetermineCompiler.cmake C$:\Users\Carlos\AppData\Local\vcpkg\downloads\tools\cmake-3.31.10-windows\cmake-3.31.10-windows-x86_64\share\cmake-3.31\Modules\Compiler\Compaq-CXX-DetermineCompiler.cmake C$:\Users\Carlos\AppData\Local\vcpkg\downloads\tools\cmake-3.31.10-windows\cmake-3.31.10-windows-x86_64\share\cmake-3.31\Modules\Compiler\Cray-DetermineCompiler.cmake C$:\Users\Carlos\AppData\Local\vcpkg\downloads\tools\cmake-3.31.10-windows\cmake-3.31.10-windows-x86_64\share\cmake-3.31\Modules\Compiler\CrayClang-DetermineCompiler.cmake C$:\Users\Carlos\AppData\Local\vcpkg\downloads\tools\cmake-3.31.10-windows\cmake-3.31.10-windows-x86_64\share\cmake-3.31\Modules\Compiler\Embarcadero-DetermineCompiler.cmake C$:\Users\Carlos\AppData\Local\vcpkg\downloads\tools\cmake-3.31.10-windows\cmake-3.31.10-windows-x86_64\share\cmake-3.31\Modules\Compiler\Fujitsu-DetermineCompiler.cmake C$:\Users\Carlos\AppData\Local\vcpkg\downloads\tools\cmake-3.31.10-windows\cmake-3.31.10-windows-x86_64\share\cmake-3.31\Modules\Compiler\FujitsuClang-DetermineCompiler.cmake C$:\Users\Carlos\AppData\Local\vcpkg\downloads\tools\cmake-3.31.10-windows\cmake-3.31.10-windows-x86_64\share\cmake-3.31\Modules\Compiler\GHS-DetermineCompiler.cmake C$:\Users\Carlos\AppData\Local\vcpkg\downloads\tools\cmake-3.31.10-windows\cmake-3.31.10-windows-x86_64\share\cmake-3.31\Modules\Compiler\GNU-C-DetermineCompiler.cmake C$:\Users\Carlos\AppData\Local\vcpkg\downloads\tools\cmake-3.31.10-windows\cmake-3.31.10-windows-x86_64\share\cmake-3.31\Modules\Compiler\GNU-CXX-DetermineCompiler.cmake C$:\Users\Carlos\AppData\Local\vcpkg\downloads\tools\cmake-3.31.10-windows\cmake-3.31.10-windows-x86_64\share\cmake-3.31\Modules\Compiler\HP-C-DetermineCompiler.cmake C$:\Users\Carlos\AppData\Local\vcpkg\downloads\tools\cmake-3.31.10-windows\cmake-3.31.10-windows-x86_64\share\cmake-3.31\Modules\Compiler\HP-CXX-DetermineCompiler.cmake C$:\Users\Carlos\AppData\Local\vcpkg\downloads\tools\cmake-3.31.10-windows\cmake-3.31.10-windows-x86_64\share\cmake-3.31\Modules\Compiler\IAR-DetermineCompiler.cmake C$:\Users\Carlos\AppData\Local\vcpkg\downloads\tools\cmake-3.31.10-windows\cmake-3.31.10-windows-x86_64\share\cmake-3.31\Modules\Compiler\IBMCPP-C-DetermineVersionInternal.cmake C$:\Users\Carlos\AppData\Local\vcpkg\downloads\tools\cmake-3.31.10-windows\cmake-3.31.10-windows-x86_64\share\cmake-3.31\Modules\Compiler\IBMCPP-CXX-DetermineVersionInternal.cmake C$:\Users\Carlos\AppData\Local\vcpkg\downloads\tools\cmake-3.31.10-windows\cmake-3.31.10-windows-x86_64\share\cmake-3.31\Modules\Compiler\IBMClang-C-DetermineCompiler.cmake C$:\Users\Carlos\AppData\Local\vcpkg\downloads\tools\cmake-3.31.10-windows\cmake-3.31.10-windows-x86_64\share\cmake-3.31\Modules\Compiler\IBMClang-CXX-DetermineCompiler.cmake C$:\Users\Carlos\AppData\Local\vcpkg\downloads\tools\cmake-3.31.10-windows\cmake-3.31.10-windows-x86_64\share\cmake-3.31\Modules\Compiler\Intel-DetermineCompiler.cmake C$:\Users\Carlos\AppData\Local\vcpkg\downloads\tools\cmake-3.31.10-windows\cmake-3.31.10-windows-x86_64\share\cmake-3.31\Modules\Compiler\IntelLLVM-DetermineCompiler.cmake C$:\Users\Carlos\AppData\Local\vcpkg\downloads\tools\cmake-3.31.10-windows\cmake-3.31.10-windows-x86_64\share\cmake-3.31\Modules\Compiler\LCC-C-DetermineCompiler.cmake C$:\Users\Carlos\AppData\Local\vcpkg\downloads\tools\cmake-3.31.10-windows\cmake-3.31.10-windows-x86_64\share\cmake-3.31\Modules\Compiler\LCC-CXX-DetermineCompiler.cmake C$:\Users\Carlos\AppData\Local\vcpkg\downloads\tools\cmake-3.31.10-windows\cmake-3.31.10-windows-x86_64\share\cmake-3.31\Modules\Compiler\MSVC-C.cmake C$:\Users\Carlos\AppData\Local\vcpkg\downloads\tools\cmake-3.31.10-windows\cmake-3.31.10-windows-x86_64\share\cmake-3.31\Modules\Compiler\MSVC-CXX-CXXImportStd.cmake C$:\Users\Carlos\AppData\Local\vcpkg\downloads\tools\cmake-3.31.10-windows\cmake-3.31.10-windows-x86_64\share\cmake-3.31\Modules\Compiler\MSVC-CXX.cmake C$:\Users\Carlos\AppData\Local\vcpkg\downloads\tools\cmake-3.31.10-windows\cmake-3.31.10-windows-x86_64\share\cmake-3.31\Modules\Compiler\MSVC-DetermineCompiler.cmake C$:\Users\Carlos\AppData\Local\vcpkg\downloads\tools\cmake-3.31.10-windows\cmake-3.31.10-windows-x86_64\share\cmake-3.31\Modules\Compiler\MSVC.cmake C$:\Users\Carlos\AppData\Local\vcpkg\downloads\tools\cmake-3.31.10-windows\cmake-3.31.10-windows-x86_64\share\cmake-3.31\Modules\Compiler\NVHPC-DetermineCompiler.cmake C$:\Users\Carlos\AppData\Local\vcpkg\downloads\tools\cmake-3.31.10-windows\cmake-3.31.10-windows-x86_64\share\cmake-3.31\Modules\Compiler\NVIDIA-DetermineCompiler.cmake C$:\Users\Carlos\AppData\Local\vcpkg\downloads\tools\cmake-3.31.10-windows\cmake-3.31.10-windows-x86_64\share\cmake-3.31\Modules\Compiler\OpenWatcom-DetermineCompiler.cmake C$:\Users\Carlos\AppData\Local\vcpkg\downloads\tools\cmake-3.31.10-windows\cmake-3.31.10-windows-x86_64\share\cmake-3.31\Modules\Compiler\OrangeC-DetermineCompiler.cmake C$:\Users\Carlos\AppData\Local\vcpkg\downloads\tools\cmake-3.31.10-windows\cmake-3.31.10-windows-x86_64\share\cmake-3.31\Modules\Compiler\PGI-DetermineCompiler.cmake C$:\Users\Carlos\AppData\Local\vcpkg\downloads\tools\cmake-3.31.10-windows\cmake-3.31.10-windows-x86_64\share\cmake-3.31\Modules\Compiler\PathScale-DetermineCompiler.cmake C$:\Users\Carlos\AppData\Local\vcpkg\downloads\tools\cmake-3.31.10-windows\cmake-3.31.10-windows-x86_64\share\cmake-3.31\Modules\Compiler\SCO-DetermineCompiler.cmake C$:\Users\Carlos\AppData\Local\vcpkg\downloads\tools\cmake-3.31.10-windows\cmake-3.31.10-windows-x86_64\share\cmake-3.31\Modules\Compiler\SDCC-C-DetermineCompiler.cmake C$:\Users\Carlos\AppData\Local\vcpkg\downloads\tools\cmake-3.31.10-windows\cmake-3.31.10-windows-x86_64\share\cmake-3.31\Modules\Compiler\SunPro-C-DetermineCompiler.cmake C$:\Users\Carlos\AppData\Local\vcpkg\downloads\tools\cmake-3.31.10-windows\cmake-3.31.10-windows-x86_64\share\cmake-3.31\Modules\Compiler\SunPro-CXX-DetermineCompiler.cmake C$:\Users\Carlos\AppData\Local\vcpkg\downloads\tools\cmake-3.31.10-windows\cmake-3.31.10-windows-x86_64\share\cmake-3.31\Modules\Compiler\TI-DetermineCompiler.cmake C$:\Users\Carlos\AppData\Local\vcpkg\downloads\tools\cmake-3.31.10-windows\cmake-3.31.10-windows-x86_64\share\cmake-3.31\Modules\Compiler\TIClang-DetermineCompiler.cmake C$:\Users\Carlos\AppData\Local\vcpkg\downloads\tools\cmake-3.31.10-windows\cmake-3.31.10-windows-x86_64\share\cmake-3.31\Modules\Compiler\Tasking-DetermineCompiler.cmake C$:\Users\Carlos\AppData\Local\vcpkg\downloads\tools\cmake-3.31.10-windows\cmake-3.31.10-windows-x86_64\share\cmake-3.31\Modules\Compiler\TinyCC-C-DetermineCompiler.cmake C$:\Users\Carlos\AppData\Local\vcpkg\downloads\tools\cmake-3.31.10-windows\cmake-3.31.10-windows-x86_64\share\cmake-3.31\Modules\Compiler\VisualAge-C-DetermineCompiler.cmake C$:\Users\Carlos\AppData\Local\vcpkg\downloads\tools\cmake-3.31.10-windows\cmake-3.31.10-windows-x86_64\share\cmake-3.31\Modules\Compiler\VisualAge-CXX-DetermineCompiler.cmake C$:\Users\Carlos\AppData\Local\vcpkg\downloads\tools\cmake-3.31.10-windows\cmake-3.31.10-windows-x86_64\share\cmake-3.31\Modules\Compiler\Watcom-DetermineCompiler.cmake C$:\Users\Carlos\AppData\Local\vcpkg\downloads\tools\cmake-3.31.10-windows\cmake-3.31.10-windows-x86_64\share\cmake-3.31\Modules\Compiler\XL-C-DetermineCompiler.cmake C$:\Users\Carlos\AppData\Local\vcpkg\downloads\tools\cmake-3.31.10-windows\cmake-3.31.10-windows-x86_64\share\cmake-3.31\Modules\Compiler\XL-CXX-DetermineCompiler.cmake C$:\Users\Carlos\AppData\Local\vcpkg\downloads\tools\cmake-3.31.10-windows\cmake-3.31.10-windows-x86_64\share\cmake-3.31\Modules\Compiler\XLClang-C-DetermineCompiler.cmake C$:\Users\Carlos\AppData\Local\vcpkg\downloads\tools\cmake-3.31.10-windows\cmake-3.31.10-windows-x86_64\share\cmake-3.31\Modules\Compiler\XLClang-CXX-DetermineCompiler.cmake C$:\Users\Carlos\AppData\Local\vcpkg\downloads\tools\cmake-3.31.10-windows\cmake-3.31.10-windows-x86_64\share\cmake-3.31\Modules\Compiler\zOS-C-DetermineCompiler.cmake C$:\Users\Carlos\AppData\Local\vcpkg\downloads\tools\cmake-3.31.10-windows\cmake-3.31.10-windows-x86_64\share\cmake-3.31\Modules\Compiler\zOS-CXX-DetermineCompiler.cmake C$:\Users\Carlos\AppData\Local\vcpkg\downloads\tools\cmake-3.31.10-windows\cmake-3.31.10-windows-x86_64\share\cmake-3.31\Modules\FindPackageHandleStandardArgs.cmake C$:\Users\Carlos\AppData\Local\vcpkg\downloads\tools\cmake-3.31.10-windows\cmake-3.31.10-windows-x86_64\share\cmake-3.31\Modules\FindPackageMessage.cmake C$:\Users\Carlos\AppData\Local\vcpkg\downloads\tools\cmake-3.31.10-windows\cmake-3.31.10-windows-x86_64\share\cmake-3.31\Modules\FindZLIB.cmake C$:\Users\Carlos\AppData\Local\vcpkg\downloads\tools\cmake-3.31.10-windows\cmake-3.31.10-windows-x86_64\share\cmake-3.31\Modules\GNUInstallDirs.cmake C$:\Users\Carlos\AppData\Local\vcpkg\downloads\tools\cmake-3.31.10-windows\cmake-3.31.10-windows-x86_64\share\cmake-3.31\Modules\Internal\CMakeCLinkerInformation.cmake C$:\Users\Carlos\AppData\Local\vcpkg\downloads\tools\cmake-3.31.10-windows\cmake-3.31.10-windows-x86_64\share\cmake-3.31\Modules\Internal\CMakeCXXLinkerInformation.cmake C$:\Users\Carlos\AppData\Local\vcpkg\downloads\tools\cmake-3.31.10-windows\cmake-3.31.10-windows-x86_64\share\cmake-3.31\Modules\Internal\CMakeCommonLinkerInformation.cmake C$:\Users\Carlos\AppData\Local\vcpkg\downloads\tools\cmake-3.31.10-windows\cmake-3.31.10-windows-x86_64\share\cmake-3.31\Modules\Internal\CMakeDetermineLinkerId.cmake C$:\Users\Carlos\AppData\Local\vcpkg\downloads\tools\cmake-3.31.10-windows\cmake-3.31.10-windows-x86_64\share\cmake-3.31\Modules\Internal\CMakeInspectCLinker.cmake C$:\Users\Carlos\AppData\Local\vcpkg\downloads\tools\cmake-3.31.10-windows\cmake-3.31.10-windows-x86_64\share\cmake-3.31\Modules\Internal\CMakeInspectCXXLinker.cmake C$:\Users\Carlos\AppData\Local\vcpkg\downloads\tools\cmake-3.31.10-windows\cmake-3.31.10-windows-x86_64\share\cmake-3.31\Modules\Internal\FeatureTesting.cmake C$:\Users\Carlos\AppData\Local\vcpkg\downloads\tools\cmake-3.31.10-windows\cmake-3.31.10-windows-x86_64\share\cmake-3.31\Modules\Platform\Linker\Windows-MSVC-C.cmake C$:\Users\Carlos\AppData\Local\vcpkg\downloads\tools\cmake-3.31.10-windows\cmake-3.31.10-windows-x86_64\share\cmake-3.31\Modules\Platform\Linker\Windows-MSVC-CXX.cmake C$:\Users\Carlos\AppData\Local\vcpkg\downloads\tools\cmake-3.31.10-windows\cmake-3.31.10-windows-x86_64\share\cmake-3.31\Modules\Platform\Linker\Windows-MSVC.cmake C$:\Users\Carlos\AppData\Local\vcpkg\downloads\tools\cmake-3.31.10-windows\cmake-3.31.10-windows-x86_64\share\cmake-3.31\Modules\Platform\Windows-Determine-CXX.cmake C$:\Users\Carlos\AppData\Local\vcpkg\downloads\tools\cmake-3.31.10-windows\cmake-3.31.10-windows-x86_64\share\cmake-3.31\Modules\Platform\Windows-Initialize.cmake C$:\Users\Carlos\AppData\Local\vcpkg\downloads\tools\cmake-3.31.10-windows\cmake-3.31.10-windows-x86_64\share\cmake-3.31\Modules\Platform\Windows-MSVC-C.cmake C$:\Users\Carlos\AppData\Local\vcpkg\downloads\tools\cmake-3.31.10-windows\cmake-3.31.10-windows-x86_64\share\cmake-3.31\Modules\Platform\Windows-MSVC-CXX.cmake C$:\Users\Carlos\AppData\Local\vcpkg\downloads\tools\cmake-3.31.10-windows\cmake-3.31.10-windows-x86_64\share\cmake-3.31\Modules\Platform\Windows-MSVC.cmake C$:\Users\Carlos\AppData\Local\vcpkg\downloads\tools\cmake-3.31.10-windows\cmake-3.31.10-windows-x86_64\share\cmake-3.31\Modules\Platform\Windows.cmake C$:\Users\Carlos\AppData\Local\vcpkg\downloads\tools\cmake-3.31.10-windows\cmake-3.31.10-windows-x86_64\share\cmake-3.31\Modules\Platform\WindowsPaths.cmake C$:\Users\Carlos\AppData\Local\vcpkg\downloads\tools\cmake-3.31.10-windows\cmake-3.31.10-windows-x86_64\share\cmake-3.31\Modules\SelectLibraryConfigurations.cmake C$:\Users\Carlos\AppData\Local\vcpkg\downloads\tools\cmake-3.31.10-windows\cmake-3.31.10-windows-x86_64\share\cmake-3.31\Modules\TestBigEndian.cmake C$:\Users\Carlos\source\repos\Contabilidad$ en$ C\build\vcpkg_installed\vcpkg\blds\libxlsxwriter\src\v1.2.4-916cd7d195.clean\CMakeLists.txt C$:\Users\Carlos\source\repos\Contabilidad$ en$ C\build\vcpkg_installed\vcpkg\blds\libxlsxwriter\src\v1.2.4-916cd7d195.clean\dev\release\pkg-config.txt C$:\Users\Carlos\source\repos\Contabilidad$ en$ C\build\vcpkg_installed\x64-windows\share\unofficial-minizip\unofficial-minizipConfig.cmake C$:\Users\Carlos\source\repos\Contabilidad$ en$ C\build\vcpkg_installed\x64-windows\share\unofficial-minizip\unofficial-minizipConfigVersion.cmake C$:\Users\Carlos\source\repos\Contabilidad$ en$ C\build\vcpkg_installed\x64-windows\share\unofficial-minizip\unofficial-minizipTargets-debug.cmake C$:\Users\Carlos\source\repos\Contabilidad$ en$ C\build\vcpkg_installed\x64-windows\share\unofficial-minizip\unofficial-minizipTargets-release.cmake C$:\Users\Carlos\source\repos\Contabilidad$ en$ C\build\vcpkg_installed\x64-windows\share\unofficial-minizip\unofficial-minizipTargets.cmake C$:\Users\Carlos\source\repos\Contabilidad$ en$ C\build\vcpkg_installed\x64-windows\share\zlib\vcpkg-cmake-wrapper.cmake CMakeCache.txt CMakeFiles\3.31.10\CMakeCCompiler.cmake CMakeFiles\3.31.10\CMakeCXXCompiler.cmake CMakeFiles\3.31.10\CMakeRCCompiler.cmake CMakeFiles\3.31.10\CMakeSystem.cmake: phony


#############################################
# Clean all the built files.

build clean: CLEAN


#############################################
# Print all primary targets available.

build help: HELP


#############################################
# Make the all target the default.

default all
