[1/2] "C:/Users/Carlos/AppData/Local/vcpkg/downloads/tools/cmake-3.31.10-windows/cmake-3.31.10-windows-x86_64/bin/cmake.exe" -E chdir ".." "C:/Users/Carlos/AppData/Local/vcpkg/downloads/tools/cmake-3.31.10-windows/cmake-3.31.10-windows-x86_64/bin/cmake.exe" "C:/Users/Carlos/source/repos/Contabilidad en C/build/vcpkg_installed/vcpkg/blds/libxlsxwriter/src/v1.2.4-916cd7d195.clean" "-G" "Ninja" "-DCMAKE_BUILD_TYPE=Release" "-DCMAKE_INSTALL_PREFIX=C:/Users/Carlos/source/repos/Contabilidad en C/build/vcpkg_installed/vcpkg/pkgs/libxlsxwriter_x64-windows" "-DFETCHCONTENT_FULLY_DISCONNECTED=ON" "-DUSE_SYSTEM_MINIZIP=1" "-DWINDOWSSTORE=OFF" "-DUSE_DTOA_LIBRARY=OFF" "-DUSE_OPENSSL_MD5=OFF" "-DUSE_MEM_FILE=OFF" "-DCMAKE_MAKE_PROGRAM=C:\Program Files\Microsoft Visual Studio\18\Community\Common7\IDE\CommonExtensions\Microsoft\CMake\Ninja\ninja.exe" "-DBUILD_SHARED_LIBS=ON" "-DVCPKG_CHAINLOAD_TOOLCHAIN_FILE=C:/Program Files/Microsoft Visual Studio/18/Community/VC/vcpkg/scripts/toolchains/windows.cmake" "-DVCPKG_TARGET_TRIPLET=x64-windows" "-DVCPKG_SET_CHARSET_FLAG=ON" "-DVCPKG_PLATFORM_TOOLSET=v145" "-DCMAKE_EXPORT_NO_PACKAGE_REGISTRY=ON" "-DCMAKE_FIND_PACKAGE_NO_PACKAGE_REGISTRY=ON" "-DCMAKE_FIND_PACKAGE_NO_SYSTEM_PACKAGE_REGISTRY=ON" "-DCMAKE_INSTALL_SYSTEM_RUNTIME_LIBS_SKIP=TRUE" "-DCMAKE_VERBOSE_MAKEFILE=ON" "-DVCPKG_APPLOCAL_DEPS=OFF" "-DCMAKE_TOOLCHAIN_FILE=C:/Program Files/Microsoft Visual Studio/18/Community/VC/vcpkg/scripts/buildsystems/vcpkg.cmake" "-DCMAKE_ERROR_ON_ABSOLUTE_INSTALL_DESTINATION=ON" "-DVCPKG_CXX_FLAGS=" "-DVCPKG_CXX_FLAGS_RELEASE=" "-DVCPKG_CXX_FLAGS_DEBUG=" "-DVCPKG_C_FLAGS=" "-DVCPKG_C_FLAGS_RELEASE=" "-DVCPKG_C_FLAGS_DEBUG=" "-DVCPKG_CRT_LINKAGE=dynamic" "-DVCPKG_LINKER_FLAGS=" "-DVCPKG_LINKER_FLAGS_RELEASE=" "-DVCPKG_LINKER_FLAGS_DEBUG=" "-DVCPKG_TARGET_ARCHITECTURE=x64" "-DCMAKE_INSTALL_LIBDIR:STRING=lib" "-DCMAKE_INSTALL_BINDIR:STRING=bin" "-D_VCPKG_ROOT_DIR=C:/Program Files/Microsoft Visual Studio/18/Community/VC/vcpkg" "-D_VCPKG_INSTALLED_DIR=C:/Users/Carlos/source/repos/Contabilidad en C/build/vcpkg_installed" "-DVCPKG_MANIFEST_INSTALL=OFF"
-- The C compiler identification is MSVC 19.51.36246.0
-- Detecting C compiler ABI info
-- Detecting C compiler ABI info - done
-- Check for working C compiler: C:/Program Files/Microsoft Visual Studio/18/Community/VC/Tools/MSVC/14.51.36231/bin/Hostx64/x64/cl.exe - skipped
-- Detecting C compile features
-- Detecting C compile features - done
-- The CXX compiler identification is MSVC 19.51.36246.0
-- Detecting CXX compiler ABI info
-- Detecting CXX compiler ABI info - done
-- Check for working CXX compiler: C:/Program Files/Microsoft Visual Studio/18/Community/VC/Tools/MSVC/14.51.36231/bin/Hostx64/x64/cl.exe - skipped
-- Detecting CXX compile features
-- Detecting CXX compile features - done
-- Found ZLIB: optimized;C:/Users/Carlos/source/repos/Contabilidad en C/build/vcpkg_installed/x64-windows/lib/zlib.lib;debug;C:/Users/Carlos/source/repos/Contabilidad en C/build/vcpkg_installed/x64-windows/debug/lib/zlibd.lib (found suitable version "1.3.1", minimum required is "1.2.8")
-- Found ZLIB: optimized;C:/Users/Carlos/source/repos/Contabilidad en C/build/vcpkg_installed/x64-windows/lib/zlib.lib;debug;C:/Users/Carlos/source/repos/Contabilidad en C/build/vcpkg_installed/x64-windows/debug/lib/zlibd.lib (found version "1.3.1")
-- Configuring done (3.8s)
-- Generating done (0.2s)
CMake Warning:
  Manually-specified variables were not used by the project:

    FETCHCONTENT_FULLY_DISCONNECTED
    _VCPKG_ROOT_DIR


-- Build files have been written to: C:/Users/Carlos/source/repos/Contabilidad en C/build/vcpkg_installed/vcpkg/blds/libxlsxwriter/x64-windows-rel
[2/2] "C:/Users/Carlos/AppData/Local/vcpkg/downloads/tools/cmake-3.31.10-windows/cmake-3.31.10-windows-x86_64/bin/cmake.exe" -E chdir "../../x64-windows-dbg" "C:/Users/Carlos/AppData/Local/vcpkg/downloads/tools/cmake-3.31.10-windows/cmake-3.31.10-windows-x86_64/bin/cmake.exe" "C:/Users/Carlos/source/repos/Contabilidad en C/build/vcpkg_installed/vcpkg/blds/libxlsxwriter/src/v1.2.4-916cd7d195.clean" "-G" "Ninja" "-DCMAKE_BUILD_TYPE=Debug" "-DCMAKE_INSTALL_PREFIX=C:/Users/Carlos/source/repos/Contabilidad en C/build/vcpkg_installed/vcpkg/pkgs/libxlsxwriter_x64-windows/debug" "-DFETCHCONTENT_FULLY_DISCONNECTED=ON" "-DUSE_SYSTEM_MINIZIP=1" "-DWINDOWSSTORE=OFF" "-DUSE_DTOA_LIBRARY=OFF" "-DUSE_OPENSSL_MD5=OFF" "-DUSE_MEM_FILE=OFF" "-DCMAKE_MAKE_PROGRAM=C:\Program Files\Microsoft Visual Studio\18\Community\Common7\IDE\CommonExtensions\Microsoft\CMake\Ninja\ninja.exe" "-DBUILD_SHARED_LIBS=ON" "-DVCPKG_CHAINLOAD_TOOLCHAIN_FILE=C:/Program Files/Microsoft Visual Studio/18/Community/VC/vcpkg/scripts/toolchains/windows.cmake" "-DVCPKG_TARGET_TRIPLET=x64-windows" "-DVCPKG_SET_CHARSET_FLAG=ON" "-DVCPKG_PLATFORM_TOOLSET=v145" "-DCMAKE_EXPORT_NO_PACKAGE_REGISTRY=ON" "-DCMAKE_FIND_PACKAGE_NO_PACKAGE_REGISTRY=ON" "-DCMAKE_FIND_PACKAGE_NO_SYSTEM_PACKAGE_REGISTRY=ON" "-DCMAKE_INSTALL_SYSTEM_RUNTIME_LIBS_SKIP=TRUE" "-DCMAKE_VERBOSE_MAKEFILE=ON" "-DVCPKG_APPLOCAL_DEPS=OFF" "-DCMAKE_TOOLCHAIN_FILE=C:/Program Files/Microsoft Visual Studio/18/Community/VC/vcpkg/scripts/buildsystems/vcpkg.cmake" "-DCMAKE_ERROR_ON_ABSOLUTE_INSTALL_DESTINATION=ON" "-DVCPKG_CXX_FLAGS=" "-DVCPKG_CXX_FLAGS_RELEASE=" "-DVCPKG_CXX_FLAGS_DEBUG=" "-DVCPKG_C_FLAGS=" "-DVCPKG_C_FLAGS_RELEASE=" "-DVCPKG_C_FLAGS_DEBUG=" "-DVCPKG_CRT_LINKAGE=dynamic" "-DVCPKG_LINKER_FLAGS=" "-DVCPKG_LINKER_FLAGS_RELEASE=" "-DVCPKG_LINKER_FLAGS_DEBUG=" "-DVCPKG_TARGET_ARCHITECTURE=x64" "-DCMAKE_INSTALL_LIBDIR:STRING=lib" "-DCMAKE_INSTALL_BINDIR:STRING=bin" "-D_VCPKG_ROOT_DIR=C:/Program Files/Microsoft Visual Studio/18/Community/VC/vcpkg" "-D_VCPKG_INSTALLED_DIR=C:/Users/Carlos/source/repos/Contabilidad en C/build/vcpkg_installed" "-DVCPKG_MANIFEST_INSTALL=OFF"
-- The C compiler identification is MSVC 19.51.36246.0
-- Detecting C compiler ABI info
-- Detecting C compiler ABI info - done
-- Check for working C compiler: C:/Program Files/Microsoft Visual Studio/18/Community/VC/Tools/MSVC/14.51.36231/bin/Hostx64/x64/cl.exe - skipped
-- Detecting C compile features
-- Detecting C compile features - done
-- The CXX compiler identification is MSVC 19.51.36246.0
-- Detecting CXX compiler ABI info
-- Detecting CXX compiler ABI info - done
-- Check for working CXX compiler: C:/Program Files/Microsoft Visual Studio/18/Community/VC/Tools/MSVC/14.51.36231/bin/Hostx64/x64/cl.exe - skipped
-- Detecting CXX compile features
-- Detecting CXX compile features - done
-- Found ZLIB: optimized;C:/Users/Carlos/source/repos/Contabilidad en C/build/vcpkg_installed/x64-windows/lib/zlib.lib;debug;C:/Users/Carlos/source/repos/Contabilidad en C/build/vcpkg_installed/x64-windows/debug/lib/zlibd.lib (found suitable version "1.3.1", minimum required is "1.2.8")
-- Found ZLIB: optimized;C:/Users/Carlos/source/repos/Contabilidad en C/build/vcpkg_installed/x64-windows/lib/zlib.lib;debug;C:/Users/Carlos/source/repos/Contabilidad en C/build/vcpkg_installed/x64-windows/debug/lib/zlibd.lib (found version "1.3.1")
-- Configuring done (3.7s)
-- Generating done (0.2s)
CMake Warning:
  Manually-specified variables were not used by the project:

    FETCHCONTENT_FULLY_DISCONNECTED
    _VCPKG_ROOT_DIR


-- Build files have been written to: C:/Users/Carlos/source/repos/Contabilidad en C/build/vcpkg_installed/vcpkg/blds/libxlsxwriter/x64-windows-dbg
